Component: Arm Compiler for Embedded 6.24 Tool: armlink [5f371500]

==============================================================================

Section Cross References

    startup_stm32l073xx.o(STACK) refers (Special) to heapauxi.o(.text) for __use_two_region_memory
    startup_stm32l073xx.o(HEAP) refers (Special) to heapauxi.o(.text) for __use_two_region_memory
    startup_stm32l073xx.o(RESET) refers (Special) to heapauxi.o(.text) for __use_two_region_memory
    startup_stm32l073xx.o(RESET) refers to startup_stm32l073xx.o(STACK) for __initial_sp
    startup_stm32l073xx.o(RESET) refers to startup_stm32l073xx.o(.text) for Reset_Handler
    startup_stm32l073xx.o(RESET) refers to main.o(.text.SysTick_Handler) for SysTick_Handler
    startup_stm32l073xx.o(RESET) refers to main.o(.text.USART1_IRQHandler) for USART1_IRQHandler
    startup_stm32l073xx.o(RESET) refers to main.o(.text.USART2_IRQHandler) for USART2_IRQHandler
    startup_stm32l073xx.o(.text) refers (Special) to heapauxi.o(.text) for __use_two_region_memory
    startup_stm32l073xx.o(.text) refers to main.o(.text.SystemInit) for SystemInit
    startup_stm32l073xx.o(.text) refers to __main.o(!!!main) for __main
    startup_stm32l073xx.o(.text) refers to startup_stm32l073xx.o(HEAP) for Heap_Mem
    startup_stm32l073xx.o(.text) refers to startup_stm32l073xx.o(STACK) for Stack_Mem
    main.o(.text) refers (Special) to _printf_percent.o(.ARM.Collect$$_printf_percent$$00000000) for _printf_percent
    main.o(.text) refers (Special) to _printf_u.o(.ARM.Collect$$_printf_percent$$0000000A) for _printf_u
    main.o(.text) refers (Special) to _printf_f.o(.ARM.Collect$$_printf_percent$$00000003) for _printf_f
    main.o(.text) refers (Special) to _printf_dec.o(.text) for _printf_int_dec
    main.o(.text) refers (Special) to printf1.o(x$fpl$printf1) for _printf_fp_dec
    main.o(.text.SystemInit) refers (Special) to _printf_percent.o(.ARM.Collect$$_printf_percent$$00000000) for _printf_percent
    main.o(.text.SystemInit) refers (Special) to _printf_u.o(.ARM.Collect$$_printf_percent$$0000000A) for _printf_u
    main.o(.text.SystemInit) refers (Special) to _printf_f.o(.ARM.Collect$$_printf_percent$$00000003) for _printf_f
    main.o(.text.SystemInit) refers (Special) to _printf_dec.o(.text) for _printf_int_dec
    main.o(.text.SystemInit) refers (Special) to printf1.o(x$fpl$printf1) for _printf_fp_dec
    main.o(.ARM.exidx.text.SystemInit) refers (Special) to _printf_percent.o(.ARM.Collect$$_printf_percent$$00000000) for _printf_percent
    main.o(.ARM.exidx.text.SystemInit) refers (Special) to _printf_u.o(.ARM.Collect$$_printf_percent$$0000000A) for _printf_u
    main.o(.ARM.exidx.text.SystemInit) refers (Special) to _printf_f.o(.ARM.Collect$$_printf_percent$$00000003) for _printf_f
    main.o(.ARM.exidx.text.SystemInit) refers (Special) to _printf_dec.o(.text) for _printf_int_dec
    main.o(.ARM.exidx.text.SystemInit) refers (Special) to printf1.o(x$fpl$printf1) for _printf_fp_dec
    main.o(.ARM.exidx.text.SystemInit) refers to main.o(.text.SystemInit) for [Anonymous Symbol]
    main.o(.text.SysTick_Handler) refers (Special) to _printf_percent.o(.ARM.Collect$$_printf_percent$$00000000) for _printf_percent
    main.o(.text.SysTick_Handler) refers (Special) to _printf_u.o(.ARM.Collect$$_printf_percent$$0000000A) for _printf_u
    main.o(.text.SysTick_Handler) refers (Special) to _printf_f.o(.ARM.Collect$$_printf_percent$$00000003) for _printf_f
    main.o(.text.SysTick_Handler) refers (Special) to _printf_dec.o(.text) for _printf_int_dec
    main.o(.text.SysTick_Handler) refers (Special) to printf1.o(x$fpl$printf1) for _printf_fp_dec
    main.o(.text.SysTick_Handler) refers to main.o(.bss..L_MergedGlobals.1) for [Anonymous Symbol]
    main.o(.ARM.exidx.text.SysTick_Handler) refers (Special) to _printf_percent.o(.ARM.Collect$$_printf_percent$$00000000) for _printf_percent
    main.o(.ARM.exidx.text.SysTick_Handler) refers (Special) to _printf_u.o(.ARM.Collect$$_printf_percent$$0000000A) for _printf_u
    main.o(.ARM.exidx.text.SysTick_Handler) refers (Special) to _printf_f.o(.ARM.Collect$$_printf_percent$$00000003) for _printf_f
    main.o(.ARM.exidx.text.SysTick_Handler) refers (Special) to _printf_dec.o(.text) for _printf_int_dec
    main.o(.ARM.exidx.text.SysTick_Handler) refers (Special) to printf1.o(x$fpl$printf1) for _printf_fp_dec
    main.o(.ARM.exidx.text.SysTick_Handler) refers to main.o(.text.SysTick_Handler) for [Anonymous Symbol]
    main.o(.text.TIM2_us_init) refers (Special) to _printf_percent.o(.ARM.Collect$$_printf_percent$$00000000) for _printf_percent
    main.o(.text.TIM2_us_init) refers (Special) to _printf_u.o(.ARM.Collect$$_printf_percent$$0000000A) for _printf_u
    main.o(.text.TIM2_us_init) refers (Special) to _printf_f.o(.ARM.Collect$$_printf_percent$$00000003) for _printf_f
    main.o(.text.TIM2_us_init) refers (Special) to _printf_dec.o(.text) for _printf_int_dec
[...]
    sys_command.o(.text) refers (Special) to use_no_semi.o(.text) for __I$use$semihosting
    sys_command.o(.text) refers (Special) to indicate_semi.o(.text) for __semihosting_library_function
    sys_wrch_hlt.o(.text) refers (Special) to use_no_semi.o(.text) for __I$use$semihosting
    sys_wrch_hlt.o(.text) refers (Special) to indicate_semi.o(.text) for __semihosting_library_function
    sys_command_hlt.o(.text) refers (Special) to use_no_semi.o(.text) for __I$use$semihosting
    sys_command_hlt.o(.text) refers (Special) to indicate_semi.o(.text) for __semihosting_library_function
    defsig_rtmem_outer.o(.text) refers to defsig_rtmem_inner.o(.text) for __rt_SIGRTMEM_inner
    defsig_rtmem_outer.o(.text) refers to defsig_exit.o(.text) for __sig_exit
    defsig_rtmem_formal.o(.text) refers to rt_raise.o(.text) for __rt_raise
    defsig.o(CL$$defsig) refers to defsig_fpe_inner.o(.text) for __rt_SIGFPE_inner
    defsig.o(CL$$defsig) refers to defsig_rtmem_inner.o(.text) for __rt_SIGRTMEM_inner
    libshutdown.o(.ARM.Collect$$libshutdown$$00000000) refers (Special) to libshutdown2.o(.ARM.Collect$$libshutdown$$00000002) for __rt_lib_shutdown_cpp_1
    libshutdown.o(.ARM.Collect$$libshutdown$$00000000) refers (Special) to libshutdown2.o(.ARM.Collect$$libshutdown$$00000007) for __rt_lib_shutdown_fp_trap_1
    libshutdown.o(.ARM.Collect$$libshutdown$$00000000) refers (Special) to libshutdown2.o(.ARM.Collect$$libshutdown$$0000000F) for __rt_lib_shutdown_heap_1
    libshutdown.o(.ARM.Collect$$libshutdown$$00000000) refers (Special) to libshutdown2.o(.ARM.Collect$$libshutdown$$00000010) for __rt_lib_shutdown_return
    libshutdown.o(.ARM.Collect$$libshutdown$$00000000) refers (Special) to libshutdown2.o(.ARM.Collect$$libshutdown$$0000000A) for __rt_lib_shutdown_signal_1
    libshutdown.o(.ARM.Collect$$libshutdown$$00000000) refers (Special) to libshutdown2.o(.ARM.Collect$$libshutdown$$00000004) for __rt_lib_shutdown_stdio_1
    libshutdown.o(.ARM.Collect$$libshutdown$$00000000) refers (Special) to libshutdown2.o(.ARM.Collect$$libshutdown$$0000000C) for __rt_lib_shutdown_user_alloc_1
    defsig_abrt_inner.o(.text) refers to defsig_general.o(.text) for __default_signal_display
    defsig_rtred_inner.o(.text) refers to defsig_general.o(.text) for __default_signal_display
    defsig_rtmem_inner.o(.text) refers to defsig_general.o(.text) for __default_signal_display
    defsig_stak_inner.o(.text) refers to defsig_general.o(.text) for __default_signal_display
    defsig_pvfn_inner.o(.text) refers to defsig_general.o(.text) for __default_signal_display
    defsig_cppl_inner.o(.text) refers to defsig_general.o(.text) for __default_signal_display
    defsig_segv_inner.o(.text) refers to defsig_general.o(.text) for __default_signal_display
    defsig_other.o(.text) refers to defsig_general.o(.text) for __default_signal_display


==============================================================================

Removing Unused input sections from the image.

    Removing main.o(.text), (0 bytes).
    Removing main.o(.ARM.exidx.text.SystemInit), (8 bytes).
    Removing main.o(.ARM.exidx.text.SysTick_Handler), (8 bytes).
    Removing main.o(.text.TIM2_us_init), (64 bytes).
    Removing main.o(.ARM.exidx.text.TIM2_us_init), (8 bytes).
    Removing main.o(.text.delay_us), (36 bytes).
    Removing main.o(.ARM.exidx.text.delay_us), (8 bytes).
    Removing main.o(.text.delayMicroseconds), (132 bytes).
    Removing main.o(.ARM.exidx.text.delayMicroseconds), (8 bytes).
    Removing main.o(.text.HAL_GPIO_ReadPin), (10 bytes).
    Removing main.o(.ARM.exidx.text.HAL_GPIO_ReadPin), (8 bytes).
    Removing main.o(.text.HAL_GPIO_Init), (396 bytes).
    Removing main.o(.ARM.exidx.text.HAL_GPIO_Init), (8 bytes).
    Removing main.o(.text.HAL_GPIO_WritePin), (16 bytes).
    Removing main.o(.ARM.exidx.text.HAL_GPIO_WritePin), (8 bytes).
    Removing main.o(.text.Set_Pin_Output), (28 bytes).
    Removing main.o(.ARM.exidx.text.Set_Pin_Output), (8 bytes).
    Removing main.o(.text.Set_Pin_Input), (26 bytes).
    Removing main.o(.ARM.exidx.text.Set_Pin_Input), (8 bytes).
    Removing main.o(.text.DHT22_Start), (120 bytes).
    Removing main.o(.ARM.exidx.text.DHT22_Start), (8 bytes).
    Removing main.o(.text.DHT22_Check_Response), (144 bytes).
    Removing main.o(.ARM.exidx.text.DHT22_Check_Response), (8 bytes).
    Removing main.o(.text.DHT22_Wait_Pin), (88 bytes).
    Removing main.o(.ARM.exidx.text.DHT22_Wait_Pin), (8 bytes).
    Removing main.o(.ARM.exidx.text.DHT22_Read), (8 bytes).
    Removing main.o(.text.ADC1_Init), (196 bytes).
    Removing main.o(.ARM.exidx.text.ADC1_Init), (8 bytes).
    Removing main.o(.text.ADC1_Read), (44 bytes).
    Removing main.o(.ARM.exidx.text.ADC1_Read), (8 bytes).
    Removing main.o(.text.PWM_Init), (168 bytes).
    Removing main.o(.ARM.exidx.text.PWM_Init), (8 bytes).
    Removing main.o(.text.Tanh_Init), (24 bytes).
    Removing main.o(.ARM.exidx.text.Tanh_Init), (8 bytes).
    Removing main.o(.text.Tanh_Compute), (216 bytes).
    Removing main.o(.ARM.exidx.text.Tanh_Compute), (8 bytes).
    Removing main.o(.text.LightControl_Init), (56 bytes).
    Removing main.o(.ARM.exidx.text.LightControl_Init), (8 bytes).
    Removing main.o(.text.ADC1_Read_EMA), (124 bytes).
    Removing main.o(.ARM.exidx.text.ADC1_Read_EMA), (8 bytes).
    Removing main.o(.text.TIM6_Init), (64 bytes).
    Removing main.o(.ARM.exidx.text.TIM6_Init), (8 bytes).
    Removing main.o(.text.UpdateSetpoint), (32 bytes).
    Removing main.o(.ARM.exidx.text.UpdateSetpoint), (8 bytes).
    Removing main.o(.ARM.exidx.text.main), (8 bytes).
    Removing main.o(.ARM.exidx.text.USART1_IRQHandler), (8 bytes).
    Removing main.o(.ARM.exidx.text.USART2_IRQHandler), (8 bytes).
    Removing main.o(.data.tx_buffer), (27 bytes).
    Removing main.o(.bss.rx_data), (8 bytes).
    Removing main.o(.data.str), (4 bytes).
    Removing main.o(.bss.rx_buffer), (100 bytes).
    Removing main.o(.data.cmd), (4 bytes).
    Removing main.o(.bss.c), (1 bytes).
    Removing main.o(.bss.rx_indx), (1 bytes).
    Removing main.o(.ARM.use_no_argv), (4 bytes).

55 unused section(s) (total 2341 bytes) removed from the image.

==============================================================================

Image Symbol Table

    Local Symbols

    Symbol Name                              Value     Ov Type        Size  Object(Section)

    ../clib/angel/boardlib.s                 0x00000000   Number         0  boardinit1.o ABSOLUTE
    ../clib/angel/boardlib.s                 0x00000000   Number         0  boardinit2.o ABSOLUTE
    ../clib/angel/boardlib.s                 0x00000000   Number         0  boardinit3.o ABSOLUTE
    ../clib/angel/boardlib.s                 0x00000000   Number         0  boardshut.o ABSOLUTE
    ../clib/angel/handlers.s                 0x00000000   Number         0  __scatter_copy.o ABSOLUTE
    ../clib/angel/handlers.s                 0x00000000   Number         0  __scatter_zi.o ABSOLUTE
    ../clib/angel/kernel.s                   0x00000000   Number         0  __rtentry.o ABSOLUTE
    ../clib/angel/kernel.s                   0x00000000   Number         0  __rtentry2.o ABSOLUTE
    ../clib/angel/kernel.s                   0x00000000   Number         0  __rtentry4.o ABSOLUTE
    ../clib/angel/kernel.s                   0x00000000   Number         0  rtexit.o ABSOLUTE
    ../clib/angel/kernel.s                   0x00000000   Number         0  rtexit2.o ABSOLUTE
    ../clib/angel/rt.s                       0x00000000   Number         0  aeabi_idiv0.o ABSOLUTE
    ../clib/angel/rt.s                       0x00000000   Number         0  aeabi_idiv0_sigfpe.o ABSOLUTE
    ../clib/angel/rt.s                       0x00000000   Number         0  rt_errno_addr.o ABSOLUTE
    ../clib/angel/rt.s                       0x00000000   Number         0  rt_errno_addr_intlibspace.o ABSOLUTE
    ../clib/angel/rt.s                       0x00000000   Number         0  rt_ctype_table.o ABSOLUTE
    ../clib/angel/rt.s                       0x00000000   Number         0  rt_div0.o ABSOLUTE
    ../clib/angel/rt.s                       0x00000000   Number         0  rt_locale.o ABSOLUTE
    ../clib/angel/rt.s                       0x00000000   Number         0  rt_locale_intlibspace.o ABSOLUTE
    ../clib/angel/rt.s                       0x00000000   Number         0  rt_raise.o ABSOLUTE
    ../clib/angel/scatterp.s                 0x00000000   Number         0  __scatter.o ABSOLUTE
    ../clib/angel/startup.s                  0x00000000   Number         0  __main.o ABSOLUTE
    ../clib/angel/sys.s                      0x00000000   Number         0  libspace.o ABSOLUTE
    ../clib/angel/sys.s                      0x00000000   Number         0  sys_stackheap_outer.o ABSOLUTE
    ../clib/angel/sys.s                      0x00000000   Number         0  tempstk.o ABSOLUTE
    ../clib/angel/sys.s                      0x00000000   Number         0  use_no_semi.o ABSOLUTE
    ../clib/angel/sys.s                      0x00000000   Number         0  indicate_semi.o ABSOLUTE
    ../clib/angel/sysapp.c                   0x00000000   Number         0  sys_exit.o ABSOLUTE
    ../clib/angel/sysapp.c                   0x00000000   Number         0  sys_exit_hlt.o ABSOLUTE
    ../clib/angel/sysapp.c                   0x00000000   Number         0  sys_wrch.o ABSOLUTE
    ../clib/angel/sysapp.c                   0x00000000   Number         0  sys_command.o ABSOLUTE
    ../clib/angel/sysapp.c                   0x00000000   Number         0  sys_wrch_hlt.o ABSOLUTE
    ../clib/angel/sysapp.c                   0x00000000   Number         0  sys_command_hlt.o ABSOLUTE
    ../clib/armsys.c                         0x00000000   Number         0  argv_veneer.o ABSOLUTE
    ../clib/armsys.c                         0x00000000   Number         0  _get_argv_nomalloc.o ABSOLUTE
    ../clib/armsys.c                         0x00000000   Number         0  no_argv.o ABSOLUTE
    ../clib/bigflt.c                         0x00000000   Number         0  bigflt0.o ABSOLUTE
    ../clib/btod.c                           0x00000000   Number         0  btod.o ABSOLUTE
    ../clib/btod_accurate.c                  0x00000000   Number         0  btod_accurate.o ABSOLUTE
    ../clib/btod_accurate.c                  0x00000000   Number         0  btod_accurate_common.o ABSOLUTE
    ../clib/division.c                       0x00000000   Number         0  rtudiv10.o ABSOLUTE
    ../clib/division.c                       0x00000000   Number         0  lludiv10.o ABSOLUTE
    ../clib/division.s                       0x00000000   Number         0  aeabi_sdivfast.o ABSOLUTE
    ../clib/division.s                       0x00000000   Number         0  aeabi_sdivfast_div0.o ABSOLUTE
    ../clib/fenv.c                           0x00000000   Number         0  _rserrno.o ABSOLUTE
    ../clib/heapalloc.c                      0x00000000   Number         0  hrguard.o ABSOLUTE
    ../clib/heapaux.c                        0x00000000   Number         0  heapauxi.o ABSOLUTE
    ../clib/libinit.s                        0x00000000   Number         0  libinit.o ABSOLUTE
    ../clib/libinit.s                        0x00000000   Number         0  libinit2.o ABSOLUTE
    ../clib/libinit.s                        0x00000000   Number         0  libshutdown.o ABSOLUTE
    ../clib/libinit.s                        0x00000000   Number         0  libshutdown2.o ABSOLUTE
    ../clib/locale.s                         0x00000000   Number         0  lc_numeric_c.o ABSOLUTE
    ../clib/locale.s                         0x00000000   Number         0  lc_ctype_c.o ABSOLUTE
    ../clib/longlong.c                       0x00000000   Number         0  llushr.o ABSOLUTE
    ../clib/memcpset.s                       0x00000000   Number         0  strcmpv6m.o ABSOLUTE
    ../clib/misc.s                           0x00000000   Number         0  printf_stubs.o ABSOLUTE
    ../clib/printf.c                         0x00000000   Number         0  __2sprintf.o ABSOLUTE
    ../clib/printf.c                         0x00000000   Number         0  noretval__2sprintf.o ABSOLUTE
    ../clib/printf.c                         0x00000000   Number         0  __printf.o ABSOLUTE
    ../clib/printf.c                         0x00000000   Number         0  _printf_dec.o ABSOLUTE
    ../clib/printf.c                         0x00000000   Number         0  __printf_flags.o ABSOLUTE
    ../clib/printf.c                         0x00000000   Number         0  __printf_ss.o ABSOLUTE
    ../clib/printf.c                         0x00000000   Number         0  __printf_flags_ss.o ABSOLUTE
    ../clib/printf.c                         0x00000000   Number         0  __printf_wp.o ABSOLUTE
    ../clib/printf.c                         0x00000000   Number         0  __printf_flags_wp.o ABSOLUTE
    ../clib/printf.c                         0x00000000   Number         0  __printf_ss_wp.o ABSOLUTE
    ../clib/printf.c                         0x00000000   Number         0  __printf_flags_ss_wp.o ABSOLUTE
    ../clib/printf.c                         0x00000000   Number         0  _printf_intcommon.o ABSOLUTE
    ../clib/printf.c                         0x00000000   Number         0  _printf_fp_dec.o ABSOLUTE
    ../clib/printf.c                         0x00000000   Number         0  _printf_fp_dec_accurate.o ABSOLUTE
    ../clib/printf.c                         0x00000000   Number         0  _printf_char_common.o ABSOLUTE
    ../clib/printf.c                         0x00000000   Number         0  _sputc.o ABSOLUTE
    ../clib/printf.c                         0x00000000   Number         0  _printf_fp_infnan.o ABSOLUTE
    ../clib/printf.c                         0x00000000   Number         0  __printf_nopercent.o ABSOLUTE
    ../clib/printf_percent.s                 0x00000000   Number         0  _printf_u.o ABSOLUTE
    ../clib/printf_percent.s                 0x00000000   Number         0  _printf_f.o ABSOLUTE
    ../clib/printf_percent.s                 0x00000000   Number         0  _printf_percent.o ABSOLUTE
    ../clib/printf_percent.s                 0x00000000   Number         0  _printf_percent_end.o ABSOLUTE
    ../clib/scanf.c                          0x00000000   Number         0  atoi.o ABSOLUTE
    ../clib/scanf.c                          0x00000000   Number         0  strtol.o ABSOLUTE
    ../clib/scanf.c                          0x00000000   Number         0  _strtoul.o ABSOLUTE
    ../clib/scanf.c                          0x00000000   Number         0  _chval.o ABSOLUTE
    ../clib/signal.c                         0x00000000   Number         0  defsig_fpe_outer.o ABSOLUTE
    ../clib/signal.c                         0x00000000   Number         0  defsig_fpe_formal.o ABSOLUTE
    ../clib/signal.c                         0x00000000   Number         0  defsig_exit.o ABSOLUTE
    ../clib/signal.c                         0x00000000   Number         0  defsig_fpe_inner.o ABSOLUTE
    ../clib/signal.c                         0x00000000   Number         0  __raise.o ABSOLUTE
    ../clib/signal.c                         0x00000000   Number         0  defsig_general.o ABSOLUTE
    ../clib/signal.c                         0x00000000   Number         0  defsig_rtmem_outer.o ABSOLUTE
    ../clib/signal.c                         0x00000000   Number         0  defsig_rtmem_formal.o ABSOLUTE
    ../clib/signal.c                         0x00000000   Number         0  defsig_abrt_inner.o ABSOLUTE
    ../clib/signal.c                         0x00000000   Number         0  defsig_rtred_inner.o ABSOLUTE
    ../clib/signal.c                         0x00000000   Number         0  defsig_rtmem_inner.o ABSOLUTE
    ../clib/signal.c                         0x00000000   Number         0  defsig_stak_inner.o ABSOLUTE
    ../clib/signal.c                         0x00000000   Number         0  defsig_pvfn_inner.o ABSOLUTE
    ../clib/signal.c                         0x00000000   Number         0  defsig_cppl_inner.o ABSOLUTE
    ../clib/signal.c                         0x00000000   Number         0  defsig_segv_inner.o ABSOLUTE
    ../clib/signal.c                         0x00000000   Number         0  defsig_other.o ABSOLUTE
    ../clib/signal.s                         0x00000000   Number         0  defsig.o ABSOLUTE
    ../clib/stdlib.c                         0x00000000   Number         0  exit.o ABSOLUTE
    ../clib/string.c                         0x00000000   Number         0  strlen.o ABSOLUTE
    ../fplib/cfplib/cmp.c                    0x00000000   Number         0  fcmp.o ABSOLUTE
    ../fplib/cfplib/cmpret.c                 0x00000000   Number         0  cmpret.o ABSOLUTE
    ../fplib/cfplib/d2f.c                    0x00000000   Number         0  d2f.o ABSOLUTE
    ../fplib/cfplib/daddsub.c                0x00000000   Number         0  daddsub.o ABSOLUTE
    ../fplib/cfplib/dcmpin.c                 0x00000000   Number         0  dcmpin.o ABSOLUTE
    ../fplib/cfplib/ddiv.c                   0x00000000   Number         0  ddiv.o ABSOLUTE
    ../fplib/cfplib/dmul.c                   0x00000000   Number         0  dmul.o ABSOLUTE
    ../fplib/cfplib/f2d.c                    0x00000000   Number         0  f2d.o ABSOLUTE
    ../fplib/cfplib/fcmpin.c                 0x00000000   Number         0  fcmpin.o ABSOLUTE
    ../fplib/cfplib/ffix.c                   0x00000000   Number         0  ffixi.o ABSOLUTE
    ../fplib/cfplib/ffix.c                   0x00000000   Number         0  dfixi.o ABSOLUTE
    ../fplib/cfplib/fflt.c                   0x00000000   Number         0  dflti.o ABSOLUTE
    ../fplib/cfplib/fflt.c                   0x00000000   Number         0  fflti.o ABSOLUTE
    ../fplib/cfplib/fpinit.c                 0x00000000   Number         0  fpinit.o ABSOLUTE
    ../fplib/cfplib/ieee_status.c            0x00000000   Number         0  ieee_status.o ABSOLUTE
    ../fplib/cfplib/nan2.c                   0x00000000   Number         0  fnan2.o ABSOLUTE
    ../fplib/cfplib/nan2.c                   0x00000000   Number         0  dnan2.o ABSOLUTE
    ../fplib/cfplib/retnan.c                 0x00000000   Number         0  retnan.o ABSOLUTE
    ../fplib/cfplib/scalbn.c                 0x00000000   Number         0  dscalbn.o ABSOLUTE
    ../fplib/dleqf6m.s                       0x00000000   Number         0  dlef.o ABSOLUTE
    ../fplib/drleqf6m.s                      0x00000000   Number         0  drlef.o ABSOLUTE
    ../fplib/faddsub6m.s                     0x00000000   Number         0  faddsub.o ABSOLUTE
    ../fplib/feqf6m.s                        0x00000000   Number         0  feqf.o ABSOLUTE
    ../fplib/fgeqf6m.s                       0x00000000   Number         0  fgef.o ABSOLUTE
    ../fplib/fleqf6m.s                       0x00000000   Number         0  flef.o ABSOLUTE
    ../fplib/fmul6m.s                        0x00000000   Number         0  fmul.o ABSOLUTE
    ../fplib/printf1.s                       0x00000000   Number         0  printf1.o ABSOLUTE
    ../fplib/usenofp.s                       0x00000000   Number         0  usenofp.o ABSOLUTE
    ../mathlib/dunder.c                      0x00000000   Number         0  dunder.o ABSOLUTE
    ../mathlib/expm1_i.c                     0x00000000   Number         0  expm1_i.o ABSOLUTE
    ../mathlib/fpclassify.c                  0x00000000   Number         0  fpclassify.o ABSOLUTE
    ../mathlib/poly.c                        0x00000000   Number         0  poly.o ABSOLUTE
    ../mathlib/tanh.c                        0x00000000   Number         0  tanh.o ABSOLUTE
    dc.s                                     0x00000000   Number         0  dc.o ABSOLUTE
    main.c                                   0x00000000   Number         0  main.o ABSOLUTE
    startup_stm32l073xx.s                    0x00000000   Number         0  startup_stm32l073xx.o ABSOLUTE
    RESET                                    0x08000000   Section      192  startup_stm32l073xx.o(RESET)
    !!!main                                  0x080000c0   Section        8  __main.o(!!!main)
    !!!scatter                               0x080000c8   Section       84  __scatter.o(!!!scatter)
    !!handler_copy                           0x0800011c   Section       26  __scatter_copy.o(!!handler_copy)
    !!handler_null                           0x08000138   Section        2  __scatter.o(!!handler_null)
    !!handler_zi                             0x0800013c   Section       28  __scatter_zi.o(!!handler_zi)
    .ARM.Collect$$_printf_percent$$00000000  0x08000158   Section        2  _printf_percent.o(.ARM.Collect$$_printf_percent$$00000000)
    .ARM.Collect$$_printf_percent$$00000003  0x0800015a   Section       10  _printf_f.o(.ARM.Collect$$_printf_percent$$00000003)
    .ARM.Collect$$_printf_percent$$0000000A  0x08000164   Section       10  _printf_u.o(.ARM.Collect$$_printf_percent$$0000000A)
    .ARM.Collect$$_printf_percent$$00000017  0x0800016e   Section        4  _printf_percent_end.o(.ARM.Collect$$_printf_percent$$00000017)
    .ARM.Collect$$libinit$$00000000          0x08000172   Section        2  libinit.o(.ARM.Collect$$libinit$$00000000)
    .ARM.Collect$$libinit$$00000002          0x08000174   Section        0  libinit2.o(.ARM.Collect$$libinit$$00000002)
    .ARM.Collect$$libinit$$00000004          0x08000174   Section        0  libinit2.o(.ARM.Collect$$libinit$$00000004)
    .ARM.Collect$$libinit$$00000006          0x08000174   Section        0  libinit2.o(.ARM.Collect$$libinit$$00000006)
    .ARM.Collect$$libinit$$0000000C          0x08000174   Section        0  libinit2.o(.ARM.Collect$$libinit$$0000000C)
    .ARM.Collect$$libinit$$0000000E          0x08000174   Section        0  libinit2.o(.ARM.Collect$$libinit$$0000000E)
    .ARM.Collect$$libinit$$00000010          0x08000174   Section        0  libinit2.o(.ARM.Collect$$libinit$$00000010)
    .ARM.Collect$$libinit$$00000011          0x08000174   Section        6  libinit2.o(.ARM.Collect$$libinit$$00000011)
    .ARM.Collect$$libinit$$00000013          0x0800017a   Section        0  libinit2.o(.ARM.Collect$$libinit$$00000013)
    .ARM.Collect$$libinit$$00000014          0x0800017a   Section       12  libinit2.o(.ARM.Collect$$libinit$$00000014)
    .ARM.Collect$$libinit$$00000015          0x08000186   Section        0  libinit2.o(.ARM.Collect$$libinit$$00000015)
    .ARM.Collect$$libinit$$00000017          0x08000186   Section        0  libinit2.o(.ARM.Collect$$libinit$$00000017)
    .ARM.Collect$$libinit$$00000018          0x08000186   Section       10  libinit2.o(.ARM.Collect$$libinit$$00000018)
    .ARM.Collect$$libinit$$00000019          0x08000190   Section        0  libinit2.o(.ARM.Collect$$libinit$$00000019)
    .ARM.Collect$$libinit$$0000001B          0x08000190   Section        0  libinit2.o(.ARM.Collect$$libinit$$0000001B)
    .ARM.Collect$$libinit$$0000001D          0x08000190   Section        0  libinit2.o(.ARM.Collect$$libinit$$0000001D)
    .ARM.Collect$$libinit$$0000001F          0x08000190   Section        0  libinit2.o(.ARM.Collect$$libinit$$0000001F)
    .ARM.Collect$$libinit$$00000021          0x08000190   Section        0  libinit2.o(.ARM.Collect$$libinit$$00000021)
    .ARM.Collect$$libinit$$00000023          0x08000190   Section        0  libinit2.o(.ARM.Collect$$libinit$$00000023)
    .ARM.Collect$$libinit$$00000025          0x08000190   Section        0  libinit2.o(.ARM.Collect$$libinit$$00000025)
    .ARM.Collect$$libinit$$00000027          0x08000190   Section        0  libinit2.o(.ARM.Collect$$libinit$$00000027)
    .ARM.Collect$$libinit$$0000002E          0x08000190   Section        0  libinit2.o(.ARM.Collect$$libinit$$0000002E)
    .ARM.Collect$$libinit$$00000030          0x08000190   Section        0  libinit2.o(.ARM.Collect$$libinit$$00000030)
    .ARM.Collect$$libinit$$00000032          0x08000190   Section        0  libinit2.o(.ARM.Collect$$libinit$$00000032)
    .ARM.Collect$$libinit$$00000034          0x08000190   Section        0  libinit2.o(.ARM.Collect$$libinit$$00000034)
    .ARM.Collect$$libinit$$00000035          0x08000190   Section        2  libinit2.o(.ARM.Collect$$libinit$$00000035)
    .ARM.Collect$$libshutdown$$00000000      0x08000192   Section        2  libshutdown.o(.ARM.Collect$$libshutdown$$00000000)
    .ARM.Collect$$libshutdown$$00000002      0x08000194   Section        0  libshutdown2.o(.ARM.Collect$$libshutdown$$00000002)
    .ARM.Collect$$libshutdown$$00000004      0x08000194   Section        0  libshutdown2.o(.ARM.Collect$$libshutdown$$00000004)
    .ARM.Collect$$libshutdown$$00000007      0x08000194   Section        0  libshutdown2.o(.ARM.Collect$$libshutdown$$00000007)
    .ARM.Collect$$libshutdown$$0000000A      0x08000194   Section        0  libshutdown2.o(.ARM.Collect$$libshutdown$$0000000A)
    .ARM.Collect$$libshutdown$$0000000C      0x08000194   Section        0  libshutdown2.o(.ARM.Collect$$libshutdown$$0000000C)
    .ARM.Collect$$libshutdown$$0000000F      0x08000194   Section        0  libshutdown2.o(.ARM.Collect$$libshutdown$$0000000F)
    .ARM.Collect$$libshutdown$$00000010      0x08000194   Section        2  libshutdown2.o(.ARM.Collect$$libshutdown$$00000010)
    .ARM.Collect$$rtentry$$00000000          0x08000196   Section        0  __rtentry.o(.ARM.Collect$$rtentry$$00000000)
    .ARM.Collect$$rtentry$$00000002          0x08000196   Section        0  __rtentry2.o(.ARM.Collect$$rtentry$$00000002)
    .ARM.Collect$$rtentry$$00000004          0x08000196   Section        6  __rtentry4.o(.ARM.Collect$$rtentry$$00000004)
    .ARM.Collect$$rtentry$$00000009          0x0800019c   Section        0  __rtentry2.o(.ARM.Collect$$rtentry$$00000009)
    .ARM.Collect$$rtentry$$0000000A          0x0800019c   Section        4  __rtentry2.o(.ARM.Collect$$rtentry$$0000000A)
    .ARM.Collect$$rtentry$$0000000C          0x080001a0   Section        0  __rtentry2.o(.ARM.Collect$$rtentry$$0000000C)
    .ARM.Collect$$rtentry$$0000000D          0x080001a0   Section        8  __rtentry2.o(.ARM.Collect$$rtentry$$0000000D)
    .ARM.Collect$$rtexit$$00000000           0x080001a8   Section        2  rtexit.o(.ARM.Collect$$rtexit$$00000000)
    .ARM.Collect$$rtexit$$00000002           0x080001aa   Section        0  rtexit2.o(.ARM.Collect$$rtexit$$00000002)
    .ARM.Collect$$rtexit$$00000003           0x080001aa   Section        4  rtexit2.o(.ARM.Collect$$rtexit$$00000003)
    .ARM.Collect$$rtexit$$00000004           0x080001ae   Section        6  rtexit2.o(.ARM.Collect$$rtexit$$00000004)
    .text                                    0x080001b4   Section       56  startup_stm32l073xx.o(.text)
    .text                                    0x080001ec   Section        0  noretval__2sprintf.o(.text)
    .text                                    0x08000214   Section        0  _printf_dec.o(.text)
    .text                                    0x08000280   Section        0  __printf_wp.o(.text)
    .text                                    0x0800038e   Section        0  atoi.o(.text)
    .text                                    0x080003a8   Section        0  strlen.o(.text)
    .text                                    0x080003ec   Section      504  aeabi_sdivfast.o(.text)
    .text                                    0x080005e4   Section        0  heapauxi.o(.text)
    .text                                    0x080005ec   Section        0  d2f.o(.text)
    .text                                    0x08000668   Section        0  ddiv.o(.text)
    .text                                    0x08000ab0   Section        0  dflti.o(.text)
    .text                                    0x08000b08   Section        0  f2d.o(.text)
    .text                                    0x08000b5c   Section        0  ffixi.o(.text)
    .text                                    0x08000ba8   Section        0  fflti.o(.text)
    .text                                    0x08000c08   Section        8  rt_errno_addr_intlibspace.o(.text)
    .text                                    0x08000c10   Section        0  _printf_intcommon.o(.text)
    _fp_digits                               0x08000cc1   Thumb Code   412  _printf_fp_dec.o(.text)
    .text                                    0x08000cc0   Section        0  _printf_fp_dec.o(.text)
    _printf_input_char                       0x080010d5   Thumb Code    10  _printf_char_common.o(.text)
    .text                                    0x080010d4   Section        0  _printf_char_common.o(.text)
    .text                                    0x08001104   Section        0  _sputc.o(.text)
    .text                                    0x08001110   Section        0  strtol.o(.text)
    .text                                    0x08001180   Section        0  rtudiv10.o(.text)
    _dadd1                                   0x080011a9   Thumb Code   290  daddsub.o(.text)
    .text                                    0x080011a8   Section        0  daddsub.o(.text)
    _dsub1                                   0x080012cb   Thumb Code   470  daddsub.o(.text)
    .text                                    0x08001500   Section        0  dmul.o(.text)
    .text                                    0x08001748   Section        0  dscalbn.o(.text)
    .text                                    0x080017a8   Section        8  libspace.o(.text)
    .text                                    0x080017b0   Section       16  rt_ctype_table.o(.text)
    .text                                    0x080017c0   Section        8  rt_locale_intlibspace.o(.text)
    .text                                    0x080017c8   Section        0  lludiv10.o(.text)
    .text                                    0x08001842   Section        0  _rserrno.o(.text)
    .text                                    0x08001858   Section        0  _printf_fp_infnan.o(.text)
    .text                                    0x080018e0   Section        0  _strtoul.o(.text)
    .text                                    0x08001988   Section        0  bigflt0.o(.text)
    .text                                    0x08001a60   Section        0  btod.o(.text)
    btod_internal_mul                        0x08001aa1   Thumb Code   492  btod.o(.text)
    btod_internal_div                        0x08001c8d   Thumb Code   520  btod.o(.text)
    .text                                    0x08001fe0   Section        0  dfixi.o(.text)
    .text                                    0x0800204c   Section        0  fcmpin.o(.text)
    .text                                    0x080020b0   Section       62  sys_stackheap_outer.o(.text)
    .text                                    0x080020ee   Section        0  _chval.o(.text)
    .text                                    0x0800210c   Section        0  exit.o(.text)
    .text                                    0x0800211c   Section      176  strcmpv6m.o(.text)
    .text                                    0x080021cc   Section        0  cmpret.o(.text)
    .text                                    0x080021fc   Section        0  dcmpin.o(.text)
    .text                                    0x0800229c   Section        0  fnan2.o(.text)
    .text                                    0x080022ac   Section        0  dnan2.o(.text)
    .text                                    0x080022c0   Section        0  retnan.o(.text)
    .text                                    0x08002320   Section        0  sys_exit.o(.text)
    .text                                    0x0800232c   Section        2  use_no_semi.o(.text)
    .text                                    0x0800232e   Section        0  indicate_semi.o(.text)
    [Anonymous Symbol]                       0x08002330   Section        0  main.o(.text.DHT22_Read)
    __arm_cp.13_0                            0x0800261c   Number         4  main.o(.text.DHT22_Read)
    __arm_cp.13_1                            0x08002620   Number         4  main.o(.text.DHT22_Read)
    [Anonymous Symbol]                       0x08002624   Section        0  main.o(.text.SysTick_Handler)
    [Anonymous Symbol]                       0x08002630   Section        0  main.o(.text.SystemInit)
    [Anonymous Symbol]                       0x08002634   Section        0  main.o(.text.USART1_IRQHandler)
    __arm_cp.24_0                            0x0800269c   Number         4  main.o(.text.USART1_IRQHandler)
    [Anonymous Symbol]                       0x080026a0   Section        0  main.o(.text.USART2_IRQHandler)
    __arm_cp.25_0                            0x08002708   Number         4  main.o(.text.USART2_IRQHandler)
    __arm_cp.25_1                            0x0800270c   Number         4  main.o(.text.USART2_IRQHandler)
    __arm_cp.25_2                            0x08002710   Number         4  main.o(.text.USART2_IRQHandler)
    __arm_cp.25_3                            0x08002714   Number         4  main.o(.text.USART2_IRQHandler)
    __arm_cp.25_4                            0x08002718   Number         4  main.o(.text.USART2_IRQHandler)
    [Anonymous Symbol]                       0x0800271c   Section        0  main.o(.text.main)
    __arm_cp.23_23                           0x08002a94   Number         4  main.o(.text.main)
    __arm_cp.23_25                           0x08002a9c   Number         4  main.o(.text.main)
    __arm_cp.23_26                           0x08002aa0   Number         4  main.o(.text.main)
    __arm_cp.23_28                           0x08002aa8   Number         4  main.o(.text.main)
    __arm_cp.23_29                           0x08002aac   Number         4  main.o(.text.main)
    __arm_cp.23_30                           0x08002ab0   Number         4  main.o(.text.main)
    __arm_cp.23_31                           0x08002ab4   Number         4  main.o(.text.main)
    __arm_cp.23_32                           0x08002ab8   Number         4  main.o(.text.main)
    __arm_cp.23_33                           0x08002abc   Number         4  main.o(.text.main)
    __arm_cp.23_35                           0x08002ac4   Number         4  main.o(.text.main)
    __arm_cp.23_36                           0x08002ac8   Number         4  main.o(.text.main)
    __arm_cp.23_38                           0x08002ad0   Number         4  main.o(.text.main)
    __arm_cp.23_39                           0x08002ad4   Number         4  main.o(.text.main)
    __arm_cp.23_40                           0x08002ad8   Number         4  main.o(.text.main)
    __arm_cp.23_41                           0x08002adc   Number         4  main.o(.text.main)
    __arm_cp.23_1                            0x08002e4c   Number         4  main.o(.text.main)
    __arm_cp.23_4                            0x08002e50   Number         4  main.o(.text.main)
    __arm_cp.23_11                           0x08002e54   Number         4  main.o(.text.main)
    __arm_cp.23_14                           0x08002e58   Number         4  main.o(.text.main)
    __arm_cp.23_19                           0x08002e5c   Number         4  main.o(.text.main)
    __arm_cp.23_20                           0x08002e60   Number         4  main.o(.text.main)
    __arm_cp.23_21                           0x08002e64   Number         4  main.o(.text.main)
    .text_divfast                            0x08002e88   Section      502  aeabi_sdivfast.o(.text_divfast)
    i.__ARM_common_ll_muluu                  0x0800307e   Section        0  btod.o(i.__ARM_common_ll_muluu)
    i.__ARM_fpclassify                       0x080030b0   Section        0  fpclassify.o(i.__ARM_fpclassify)
    i.__kernel_poly                          0x080030dc   Section        0  poly.o(i.__kernel_poly)
    i.__mathlib_dbl_infnan                   0x08003188   Section        0  dunder.o(i.__mathlib_dbl_infnan)
    i.__mathlib_dbl_overflow                 0x08003194   Section        0  dunder.o(i.__mathlib_dbl_overflow)
    i.__mathlib_dbl_underflow                0x080031a8   Section        0  dunder.o(i.__mathlib_dbl_underflow)
    i.__mathlib_expm1                        0x080031bc   Section        0  expm1_i.o(i.__mathlib_expm1)
    i._fgeq                                  0x08003528   Section        0  fcmp.o(i._fgeq)
    i._fgr                                   0x0800353e   Section        0  fcmp.o(i._fgr)
    i._fls                                   0x08003554   Section        0  fcmp.o(i._fls)
    i._is_digit                              0x0800356a   Section        0  __printf_wp.o(i._is_digit)
    i.tanh                                   0x08003578   Section        0  tanh.o(i.tanh)
    locale$$code                             0x08003648   Section       44  lc_numeric_c.o(locale$$code)
    locale$$code                             0x08003674   Section       44  lc_ctype_c.o(locale$$code)
    x$fpl$dleqf                              0x080036a0   Section      100  dlef.o(x$fpl$dleqf)
    x$fpl$drleqf                             0x08003704   Section      104  drlef.o(x$fpl$drleqf)
    x$fpl$fadd                               0x0800376c   Section      140  faddsub.o(x$fpl$fadd)
    _fadd1                                   0x08003779   Thumb Code     0  faddsub.o(x$fpl$fadd)
    x$fpl$fgeqf                              0x080037f8   Section       84  fgef.o(x$fpl$fgeqf)
    x$fpl$fleqf                              0x0800384c   Section       84  flef.o(x$fpl$fleqf)
    x$fpl$fmul                               0x080038a0   Section      176  fmul.o(x$fpl$fmul)
    x$fpl$fsub                               0x08003950   Section      208  faddsub.o(x$fpl$fsub)
    _fsub1                                   0x0800395d   Thumb Code     0  faddsub.o(x$fpl$fsub)
    x$fpl$printf1                            0x08003a20   Section       16  printf1.o(x$fpl$printf1)
    ddiv_reciptbl                            0x08003a30   Data         128  ddiv.o(.constdata)
    .constdata                               0x08003a30   Section      128  ddiv.o(.constdata)
    x$fpl$usenofp                            0x08003a30   Section        0  usenofp.o(x$fpl$usenofp)
    Q                                        0x08003ab0   Data          40  expm1_i.o(.constdata)
    .constdata                               0x08003ab0   Section       40  expm1_i.o(.constdata)
    tenpwrs_x                                0x08003ad8   Data          60  bigflt0.o(.constdata)
    .constdata                               0x08003ad8   Section      148  bigflt0.o(.constdata)
    tenpwrs_i                                0x08003b14   Data          64  bigflt0.o(.constdata)
    locale$$data                             0x08003b8c   Section       28  lc_numeric_c.o(locale$$data)
    __lcnum_c_name                           0x08003b90   Data           2  lc_numeric_c.o(locale$$data)
    __lcnum_c_start                          0x08003b98   Data           0  lc_numeric_c.o(locale$$data)
    __lcnum_c_point                          0x08003ba4   Data           0  lc_numeric_c.o(locale$$data)
    __lcnum_c_thousands                      0x08003ba6   Data           0  lc_numeric_c.o(locale$$data)
    __lcnum_c_grouping                       0x08003ba7   Data           0  lc_numeric_c.o(locale$$data)
    __lcnum_c_end                            0x08003ba8   Data           0  lc_numeric_c.o(locale$$data)
    locale$$data                             0x08003ba8   Section      272  lc_ctype_c.o(locale$$data)
    __lcctype_c_name                         0x08003bac   Data           2  lc_ctype_c.o(locale$$data)
    __lcctype_c_start                        0x08003bb4   Data           0  lc_ctype_c.o(locale$$data)
    __lcctype_c_end                          0x08003cb8   Data           0  lc_ctype_c.o(locale$$data)
    [Anonymous Symbol]                       0x20000000   Section        0  main.o(.data..L_MergedGlobals)
    .bss                                     0x20000008   Section       96  libspace.o(.bss)
    [Anonymous Symbol]                       0x20000068   Section        0  main.o(.bss..L_MergedGlobals.1)
    Heap_Mem                                 0x200000b8   Data         512  startup_stm32l073xx.o(HEAP)
    HEAP                                     0x200000b8   Section      512  startup_stm32l073xx.o(HEAP)
    Stack_Mem                                0x200002b8   Data        1024  startup_stm32l073xx.o(STACK)
    STACK                                    0x200002b8   Section     1024  startup_stm32l073xx.o(STACK)
    __initial_sp                             0x200006b8   Data           0  startup_stm32l073xx.o(STACK)

    Global Symbols

    Symbol Name                              Value     Ov Type        Size  Object(Section)

    BuildAttributes$$THM_ISAv3M$S$PE$A:L22$X:L11$S22$IEEE1$IW$~IW$USESV6$~STKCKD$USESV7$~SHL$OTIME$ROPI$IEEEX$EBA8$UX$STANDARDLIB$REQ8$PRES8$EABIv2 0x00000000   Number         0  anon$$obj.o ABSOLUTE
    _printf_flags                            0x00000000   Number         0  printf_stubs.o ABSOLUTE
    _printf_return_value                     0x00000000   Number         0  printf_stubs.o ABSOLUTE
    _printf_sizespec                         0x00000000   Number         0  printf_stubs.o ABSOLUTE
    _printf_widthprec                        0x00000000   Number         0  printf_stubs.o ABSOLUTE
    __ARM_exceptions_init                     - Undefined Weak Reference
    __alloca_initialize                       - Undefined Weak Reference
    __arm_preinit_                            - Undefined Weak Reference
    __arm_relocate_pie_                       - Undefined Weak Reference
    __cpp_initialize__aeabi_                  - Undefined Weak Reference
    __cxa_finalize                            - Undefined Weak Reference
    __sigvec_lookup                           - Undefined Weak Reference
    _atexit_init                              - Undefined Weak Reference
    _call_atexit_fns                          - Undefined Weak Reference
    _clock_init                               - Undefined Weak Reference
    _fp_trap_init                             - Undefined Weak Reference
    _fp_trap_shutdown                         - Undefined Weak Reference
    _get_lc_collate                           - Undefined Weak Reference
    _get_lc_monetary                          - Undefined Weak Reference
    _get_lc_time                              - Undefined Weak Reference
    _getenv_init                              - Undefined Weak Reference
    _handle_redirection                       - Undefined Weak Reference
    _init_alloc                               - Undefined Weak Reference
    _init_user_alloc                          - Undefined Weak Reference
    _initio                                   - Undefined Weak Reference
    _printf_post_padding                      - Undefined Weak Reference
    _printf_pre_padding                       - Undefined Weak Reference
    _printf_truncate_signed                   - Undefined Weak Reference
    _printf_truncate_unsigned                 - Undefined Weak Reference
    _rand_init                                - Undefined Weak Reference
    _signal_finish                            - Undefined Weak Reference
    _signal_init                              - Undefined Weak Reference
    _terminate_alloc                          - Undefined Weak Reference
    _terminate_user_alloc                     - Undefined Weak Reference
    _terminateio                              - Undefined Weak Reference
    __Vectors_Size                           0x000000c0   Number         0  startup_stm32l073xx.o ABSOLUTE
    __Vectors                                0x08000000   Data           4  startup_stm32l073xx.o(RESET)
    __Vectors_End                            0x080000c0   Data           0  startup_stm32l073xx.o(RESET)
    __main                                   0x080000c1   Thumb Code     8  __main.o(!!!main)
    __scatterload                            0x080000c9   Thumb Code     0  __scatter.o(!!!scatter)
    __scatterload_rt2                        0x080000c9   Thumb Code    74  __scatter.o(!!!scatter)
    __scatterload_rt2_thumb_only             0x080000c9   Thumb Code     0  __scatter.o(!!!scatter)
    __scatterload_loop                       0x080000d3   Thumb Code     0  __scatter.o(!!!scatter)
    __scatterload_copy                       0x0800011d   Thumb Code    26  __scatter_copy.o(!!handler_copy)
    __scatterload_null                       0x08000139   Thumb Code     2  __scatter.o(!!handler_null)
    __scatterload_zeroinit                   0x0800013d   Thumb Code    28  __scatter_zi.o(!!handler_zi)
    _printf_percent                          0x08000159   Thumb Code     0  _printf_percent.o(.ARM.Collect$$_printf_percent$$00000000)
    _printf_f                                0x0800015b   Thumb Code     0  _printf_f.o(.ARM.Collect$$_printf_percent$$00000003)
    _printf_u                                0x08000165   Thumb Code     0  _printf_u.o(.ARM.Collect$$_printf_percent$$0000000A)
    _printf_percent_end                      0x0800016f   Thumb Code     0  _printf_percent_end.o(.ARM.Collect$$_printf_percent$$00000017)
    __rt_lib_init                            0x08000173   Thumb Code     0  libinit.o(.ARM.Collect$$libinit$$00000000)
    __rt_lib_init_fp_1                       0x08000175   Thumb Code     0  libinit2.o(.ARM.Collect$$libinit$$00000002)
    __rt_lib_init_heap_1                     0x08000175   Thumb Code     0  libinit2.o(.ARM.Collect$$libinit$$0000000C)
    __rt_lib_init_lc_common                  0x08000175   Thumb Code     0  libinit2.o(.ARM.Collect$$libinit$$00000011)
    __rt_lib_init_preinit_1                  0x08000175   Thumb Code     0  libinit2.o(.ARM.Collect$$libinit$$00000006)
    __rt_lib_init_rand_1                     0x08000175   Thumb Code     0  libinit2.o(.ARM.Collect$$libinit$$00000010)
    __rt_lib_init_relocate_pie_1             0x08000175   Thumb Code     0  libinit2.o(.ARM.Collect$$libinit$$00000004)
    __rt_lib_init_user_alloc_1               0x08000175   Thumb Code     0  libinit2.o(.ARM.Collect$$libinit$$0000000E)
    __rt_lib_init_lc_collate_1               0x0800017b   Thumb Code     0  libinit2.o(.ARM.Collect$$libinit$$00000013)
    __rt_lib_init_lc_ctype_2                 0x0800017b   Thumb Code     0  libinit2.o(.ARM.Collect$$libinit$$00000014)
    __rt_lib_init_lc_ctype_1                 0x08000187   Thumb Code     0  libinit2.o(.ARM.Collect$$libinit$$00000015)
    __rt_lib_init_lc_monetary_1              0x08000187   Thumb Code     0  libinit2.o(.ARM.Collect$$libinit$$00000017)
    __rt_lib_init_lc_numeric_2               0x08000187   Thumb Code     0  libinit2.o(.ARM.Collect$$libinit$$00000018)
    __rt_lib_init_alloca_1                   0x08000191   Thumb Code     0  libinit2.o(.ARM.Collect$$libinit$$00000030)
    __rt_lib_init_argv_1                     0x08000191   Thumb Code     0  libinit2.o(.ARM.Collect$$libinit$$0000002E)
    __rt_lib_init_atexit_1                   0x08000191   Thumb Code     0  libinit2.o(.ARM.Collect$$libinit$$0000001D)
    __rt_lib_init_clock_1                    0x08000191   Thumb Code     0  libinit2.o(.ARM.Collect$$libinit$$00000023)
    __rt_lib_init_cpp_1                      0x08000191   Thumb Code     0  libinit2.o(.ARM.Collect$$libinit$$00000034)
    __rt_lib_init_exceptions_1               0x08000191   Thumb Code     0  libinit2.o(.ARM.Collect$$libinit$$00000032)
    __rt_lib_init_fp_trap_1                  0x08000191   Thumb Code     0  libinit2.o(.ARM.Collect$$libinit$$00000021)
    __rt_lib_init_getenv_1                   0x08000191   Thumb Code     0  libinit2.o(.ARM.Collect$$libinit$$00000025)
    __rt_lib_init_lc_numeric_1               0x08000191   Thumb Code     0  libinit2.o(.ARM.Collect$$libinit$$00000019)
    __rt_lib_init_lc_time_1                  0x08000191   Thumb Code     0  libinit2.o(.ARM.Collect$$libinit$$0000001B)
    __rt_lib_init_return                     0x08000191   Thumb Code     0  libinit2.o(.ARM.Collect$$libinit$$00000035)
    __rt_lib_init_signal_1                   0x08000191   Thumb Code     0  libinit2.o(.ARM.Collect$$libinit$$0000001F)
    __rt_lib_init_stdio_1                    0x08000191   Thumb Code     0  libinit2.o(.ARM.Collect$$libinit$$00000027)
    __rt_lib_shutdown                        0x08000193   Thumb Code     0  libshutdown.o(.ARM.Collect$$libshutdown$$00000000)
    __rt_lib_shutdown_cpp_1                  0x08000195   Thumb Code     0  libshutdown2.o(.ARM.Collect$$libshutdown$$00000002)
    __rt_lib_shutdown_fp_trap_1              0x08000195   Thumb Code     0  libshutdown2.o(.ARM.Collect$$libshutdown$$00000007)
    __rt_lib_shutdown_heap_1                 0x08000195   Thumb Code     0  libshutdown2.o(.ARM.Collect$$libshutdown$$0000000F)
    __rt_lib_shutdown_return                 0x08000195   Thumb Code     0  libshutdown2.o(.ARM.Collect$$libshutdown$$00000010)
    __rt_lib_shutdown_signal_1               0x08000195   Thumb Code     0  libshutdown2.o(.ARM.Collect$$libshutdown$$0000000A)
    __rt_lib_shutdown_stdio_1                0x08000195   Thumb Code     0  libshutdown2.o(.ARM.Collect$$libshutdown$$00000004)
    __rt_lib_shutdown_user_alloc_1           0x08000195   Thumb Code     0  libshutdown2.o(.ARM.Collect$$libshutdown$$0000000C)
    __rt_entry                               0x08000197   Thumb Code     0  __rtentry.o(.ARM.Collect$$rtentry$$00000000)
    __rt_entry_presh_1                       0x08000197   Thumb Code     0  __rtentry2.o(.ARM.Collect$$rtentry$$00000002)
    __rt_entry_sh                            0x08000197   Thumb Code     0  __rtentry4.o(.ARM.Collect$$rtentry$$00000004)
    __rt_entry_li                            0x0800019d   Thumb Code     0  __rtentry2.o(.ARM.Collect$$rtentry$$0000000A)
    __rt_entry_postsh_1                      0x0800019d   Thumb Code     0  __rtentry2.o(.ARM.Collect$$rtentry$$00000009)
    __rt_entry_main                          0x080001a1   Thumb Code     0  __rtentry2.o(.ARM.Collect$$rtentry$$0000000D)
    __rt_entry_postli_1                      0x080001a1   Thumb Code     0  __rtentry2.o(.ARM.Collect$$rtentry$$0000000C)
    __rt_exit                                0x080001a9   Thumb Code     0  rtexit.o(.ARM.Collect$$rtexit$$00000000)
    __rt_exit_ls                             0x080001ab   Thumb Code     0  rtexit2.o(.ARM.Collect$$rtexit$$00000003)
    __rt_exit_prels_1                        0x080001ab   Thumb Code     0  rtexit2.o(.ARM.Collect$$rtexit$$00000002)
    __rt_exit_exit                           0x080001af   Thumb Code     0  rtexit2.o(.ARM.Collect$$rtexit$$00000004)
    Reset_Handler                            0x080001b5   Thumb Code     8  startup_stm32l073xx.o(.text)
    NMI_Handler                              0x080001bd   Thumb Code     2  startup_stm32l073xx.o(.text)
    HardFault_Handler                        0x080001bf   Thumb Code     2  startup_stm32l073xx.o(.text)
    SVC_Handler                              0x080001c1   Thumb Code     2  startup_stm32l073xx.o(.text)
    PendSV_Handler                           0x080001c3   Thumb Code     2  startup_stm32l073xx.o(.text)
    ADC1_COMP_IRQHandler                     0x080001c7   Thumb Code     0  startup_stm32l073xx.o(.text)
    DMA1_Channel1_IRQHandler                 0x080001c7   Thumb Code     0  startup_stm32l073xx.o(.text)
    DMA1_Channel2_3_IRQHandler               0x080001c7   Thumb Code     0  startup_stm32l073xx.o(.text)
    DMA1_Channel4_5_6_7_IRQHandler           0x080001c7   Thumb Code     0  startup_stm32l073xx.o(.text)
    EXTI0_1_IRQHandler                       0x080001c7   Thumb Code     0  startup_stm32l073xx.o(.text)
    EXTI2_3_IRQHandler                       0x080001c7   Thumb Code     0  startup_stm32l073xx.o(.text)
    EXTI4_15_IRQHandler                      0x080001c7   Thumb Code     0  startup_stm32l073xx.o(.text)
    FLASH_IRQHandler                         0x080001c7   Thumb Code     0  startup_stm32l073xx.o(.text)
    I2C1_IRQHandler                          0x080001c7   Thumb Code     0  startup_stm32l073xx.o(.text)
    I2C2_IRQHandler                          0x080001c7   Thumb Code     0  startup_stm32l073xx.o(.text)
    I2C3_IRQHandler                          0x080001c7   Thumb Code     0  startup_stm32l073xx.o(.text)
    LCD_IRQHandler                           0x080001c7   Thumb Code     0  startup_stm32l073xx.o(.text)
    LPTIM1_IRQHandler                        0x080001c7   Thumb Code     0  startup_stm32l073xx.o(.text)
    PVD_IRQHandler                           0x080001c7   Thumb Code     0  startup_stm32l073xx.o(.text)
    RCC_CRS_IRQHandler                       0x080001c7   Thumb Code     0  startup_stm32l073xx.o(.text)
    RNG_LPUART1_IRQHandler                   0x080001c7   Thumb Code     0  startup_stm32l073xx.o(.text)
    RTC_IRQHandler                           0x080001c7   Thumb Code     0  startup_stm32l073xx.o(.text)
    SPI1_IRQHandler                          0x080001c7   Thumb Code     0  startup_stm32l073xx.o(.text)
    SPI2_IRQHandler                          0x080001c7   Thumb Code     0  startup_stm32l073xx.o(.text)
    TIM21_IRQHandler                         0x080001c7   Thumb Code     0  startup_stm32l073xx.o(.text)
    TIM22_IRQHandler                         0x080001c7   Thumb Code     0  startup_stm32l073xx.o(.text)
    TIM2_IRQHandler                          0x080001c7   Thumb Code     0  startup_stm32l073xx.o(.text)
    TIM3_IRQHandler                          0x080001c7   Thumb Code     0  startup_stm32l073xx.o(.text)
    TIM6_DAC_IRQHandler                      0x080001c7   Thumb Code     0  startup_stm32l073xx.o(.text)
    TIM7_IRQHandler                          0x080001c7   Thumb Code     0  startup_stm32l073xx.o(.text)
    TSC_IRQHandler                           0x080001c7   Thumb Code     0  startup_stm32l073xx.o(.text)
    USART4_5_IRQHandler                      0x080001c7   Thumb Code     0  startup_stm32l073xx.o(.text)
    USB_IRQHandler                           0x080001c7   Thumb Code     0  startup_stm32l073xx.o(.text)
    WWDG_IRQHandler                          0x080001c7   Thumb Code     0  startup_stm32l073xx.o(.text)
    __user_initial_stackheap                 0x080001c9   Thumb Code     0  startup_stm32l073xx.o(.text)
    __2sprintf                               0x080001ed   Thumb Code    36  noretval__2sprintf.o(.text)
    _printf_int_dec                          0x08000215   Thumb Code    90  _printf_dec.o(.text)
    __printf                                 0x08000281   Thumb Code   270  __printf_wp.o(.text)
    atoi                                     0x0800038f   Thumb Code    26  atoi.o(.text)
    strlen                                   0x080003a9   Thumb Code    62  strlen.o(.text)
    __aeabi_uidivmod                         0x080003ed   Thumb Code    28  aeabi_sdivfast.o(.text)
    __aeabi_idivmod                          0x08000409   Thumb Code   472  aeabi_sdivfast.o(.text)
    __use_two_region_memory                  0x080005e5   Thumb Code     2  heapauxi.o(.text)
    __rt_heap_escrow$2region                 0x080005e7   Thumb Code     2  heapauxi.o(.text)
    __rt_heap_expand$2region                 0x080005e9   Thumb Code     2  heapauxi.o(.text)
    __aeabi_d2f                              0x080005ed   Thumb Code     0  d2f.o(.text)
    __truncdfsf2                             0x080005ed   Thumb Code     0  d2f.o(.text)
    _d2f                                     0x080005ed   Thumb Code   120  d2f.o(.text)
    __aeabi_ddiv                             0x08000669   Thumb Code     0  ddiv.o(.text)
    __divdf3                                 0x08000669   Thumb Code     0  ddiv.o(.text)
    _ddiv                                    0x08000669   Thumb Code  1072  ddiv.o(.text)
    _drdiv                                   0x08000a99   Thumb Code    20  ddiv.o(.text)
    __aeabi_i2d_normalise                    0x08000ab1   Thumb Code    66  dflti.o(.text)
    __aeabi_i2d                              0x08000af3   Thumb Code    16  dflti.o(.text)
    _dflt                                    0x08000af3   Thumb Code     0  dflti.o(.text)
    __aeabi_ui2d                             0x08000b03   Thumb Code     6  dflti.o(.text)
    _dfltu                                   0x08000b03   Thumb Code     0  dflti.o(.text)
    __aeabi_f2d                              0x08000b09   Thumb Code     0  f2d.o(.text)
    __extendsfdf2                            0x08000b09   Thumb Code     0  f2d.o(.text)
    _f2d                                     0x08000b09   Thumb Code    80  f2d.o(.text)
    __aeabi_f2iz                             0x08000b5d   Thumb Code     0  ffixi.o(.text)
    _ffix                                    0x08000b5d   Thumb Code    76  ffixi.o(.text)
    __aeabi_i2f_normalise                    0x08000ba9   Thumb Code    72  fflti.o(.text)
    __aeabi_i2f                              0x08000bf1   Thumb Code    16  fflti.o(.text)
    _fflt                                    0x08000bf1   Thumb Code     0  fflti.o(.text)
    __aeabi_ui2f                             0x08000c01   Thumb Code     6  fflti.o(.text)
    _ffltu                                   0x08000c01   Thumb Code     0  fflti.o(.text)
    __aeabi_errno_addr                       0x08000c09   Thumb Code     8  rt_errno_addr_intlibspace.o(.text)
    __errno$intlibspace                      0x08000c09   Thumb Code     0  rt_errno_addr_intlibspace.o(.text)
    __rt_errno_addr$intlibspace              0x08000c09   Thumb Code     0  rt_errno_addr_intlibspace.o(.text)
    _printf_int_common                       0x08000c11   Thumb Code   176  _printf_intcommon.o(.text)
    _printf_fp_dec_real                      0x08000e5d   Thumb Code   620  _printf_fp_dec.o(.text)
    _printf_char_common                      0x080010df   Thumb Code    32  _printf_char_common.o(.text)
    _sputc                                   0x08001105   Thumb Code    10  _sputc.o(.text)
    strtol                                   0x08001111   Thumb Code   108  strtol.o(.text)
    __rt_udiv10                              0x08001181   Thumb Code    40  rtudiv10.o(.text)
    __adddf3                                 0x080014a1   Thumb Code     0  daddsub.o(.text)
    __aeabi_dadd                             0x080014a1   Thumb Code     0  daddsub.o(.text)
    _dadd                                    0x080014a1   Thumb Code    26  daddsub.o(.text)
    __aeabi_dsub                             0x080014bb   Thumb Code     0  daddsub.o(.text)
    __subdf3                                 0x080014bb   Thumb Code     0  daddsub.o(.text)
    _dsub                                    0x080014bb   Thumb Code    22  daddsub.o(.text)
    __aeabi_drsub                            0x080014d1   Thumb Code     0  daddsub.o(.text)
    _drsb                                    0x080014d1   Thumb Code    28  daddsub.o(.text)
    __aeabi_dmul                             0x08001501   Thumb Code     0  dmul.o(.text)
    __muldf3                                 0x08001501   Thumb Code     0  dmul.o(.text)
    _dmul                                    0x08001501   Thumb Code   558  dmul.o(.text)
    __ARM_scalbn                             0x08001749   Thumb Code    84  dscalbn.o(.text)
    __user_libspace                          0x080017a9   Thumb Code     8  libspace.o(.text)
    __user_perproc_libspace                  0x080017a9   Thumb Code     0  libspace.o(.text)
    __user_perthread_libspace                0x080017a9   Thumb Code     0  libspace.o(.text)
    __rt_ctype_table                         0x080017b1   Thumb Code    16  rt_ctype_table.o(.text)
    __rt_locale                              0x080017c1   Thumb Code     8  rt_locale_intlibspace.o(.text)
    _ll_udiv10                               0x080017c9   Thumb Code   122  lludiv10.o(.text)
    __read_errno                             0x08001843   Thumb Code    10  _rserrno.o(.text)
    __set_errno                              0x0800184d   Thumb Code    12  _rserrno.o(.text)
    _printf_fp_infnan                        0x08001859   Thumb Code   120  _printf_fp_infnan.o(.text)
    _strtoul                                 0x080018e1   Thumb Code   166  _strtoul.o(.text)
    _btod_etento                             0x08001989   Thumb Code   210  bigflt0.o(.text)
    _btod_d2e                                0x08001a61   Thumb Code    64  btod.o(.text)
    _btod_emul                               0x08001e95   Thumb Code    28  btod.o(.text)
    _btod_emuld                              0x08001eb1   Thumb Code   144  btod.o(.text)
    _btod_ediv                               0x08001f41   Thumb Code    26  btod.o(.text)
    _btod_edivd                              0x08001f5b   Thumb Code   124  btod.o(.text)
    __aeabi_d2iz                             0x08001fe1   Thumb Code     0  dfixi.o(.text)
    _dfix                                    0x08001fe1   Thumb Code    98  dfixi.o(.text)
    __fpl_fcmp_InfNaN                        0x0800204d   Thumb Code    96  fcmpin.o(.text)
    __user_setup_stackheap                   0x080020b1   Thumb Code    62  sys_stackheap_outer.o(.text)
    _chval                                   0x080020ef   Thumb Code    30  _chval.o(.text)
    exit                                     0x0800210d   Thumb Code    16  exit.o(.text)
    strcmp                                   0x0800211d   Thumb Code   176  strcmpv6m.o(.text)
    __fpl_cmpreturn                          0x080021cd   Thumb Code    46  cmpret.o(.text)
    __fpl_dcmp_InfNaN                        0x080021fd   Thumb Code   154  dcmpin.o(.text)
    __fpl_fcheck_NaN2                        0x0800229d   Thumb Code    10  fnan2.o(.text)
    __fpl_dcheck_NaN2                        0x080022ad   Thumb Code    14  dnan2.o(.text)
    __fpl_return_NaN                         0x080022c1   Thumb Code    94  retnan.o(.text)
    _sys_exit                                0x08002321   Thumb Code     8  sys_exit.o(.text)
    __I$use$semihosting                      0x0800232d   Thumb Code     0  use_no_semi.o(.text)
    __use_no_semihosting_swi                 0x0800232d   Thumb Code     2  use_no_semi.o(.text)
    __semihosting_library_function           0x0800232f   Thumb Code     0  indicate_semi.o(.text)
    DHT22_Read                               0x08002331   Thumb Code   748  main.o(.text.DHT22_Read)
    SysTick_Handler                          0x08002625   Thumb Code    12  main.o(.text.SysTick_Handler)
    SystemInit                               0x08002631   Thumb Code     2  main.o(.text.SystemInit)
    USART1_IRQHandler                        0x08002635   Thumb Code   104  main.o(.text.USART1_IRQHandler)
    USART2_IRQHandler                        0x080026a1   Thumb Code   104  main.o(.text.USART2_IRQHandler)
    main                                     0x0800271d   Thumb Code  1840  main.o(.text.main)
    __aeabi_uidiv                            0x08002e89   Thumb Code    68  aeabi_sdivfast.o(.text_divfast)
    __aeabi_idiv                             0x08002ecd   Thumb Code   434  aeabi_sdivfast.o(.text_divfast)
    __ARM_common_ll_muluu                    0x0800307f   Thumb Code    48  btod.o(i.__ARM_common_ll_muluu)
    __ARM_fpclassify                         0x080030b1   Thumb Code    40  fpclassify.o(i.__ARM_fpclassify)
    __kernel_poly                            0x080030dd   Thumb Code   172  poly.o(i.__kernel_poly)
    __mathlib_dbl_infnan                     0x08003189   Thumb Code    10  dunder.o(i.__mathlib_dbl_infnan)
    __mathlib_dbl_overflow                   0x08003195   Thumb Code    16  dunder.o(i.__mathlib_dbl_overflow)
    __mathlib_dbl_underflow                  0x080031a9   Thumb Code    14  dunder.o(i.__mathlib_dbl_underflow)
    __mathlib_expm1                          0x080031bd   Thumb Code   774  expm1_i.o(i.__mathlib_expm1)
    __aeabi_fcmpge                           0x08003529   Thumb Code     0  fcmp.o(i._fgeq)
    _fgeq                                    0x08003529   Thumb Code    22  fcmp.o(i._fgeq)
    __aeabi_fcmpgt                           0x0800353f   Thumb Code     0  fcmp.o(i._fgr)
    _fgr                                     0x0800353f   Thumb Code    22  fcmp.o(i._fgr)
    __aeabi_fcmplt                           0x08003555   Thumb Code     0  fcmp.o(i._fls)
    _fls                                     0x08003555   Thumb Code    22  fcmp.o(i._fls)
    _is_digit                                0x0800356b   Thumb Code    14  __printf_wp.o(i._is_digit)
    tanh                                     0x08003579   Thumb Code   196  tanh.o(i.tanh)
    _get_lc_numeric                          0x08003649   Thumb Code    44  lc_numeric_c.o(locale$$code)
    _get_lc_ctype                            0x08003675   Thumb Code    44  lc_ctype_c.o(locale$$code)
    __aeabi_cdcmple                          0x080036a1   Thumb Code     0  dlef.o(x$fpl$dleqf)
    _dcmple                                  0x080036a1   Thumb Code    94  dlef.o(x$fpl$dleqf)
    __aeabi_cdrcmple                         0x08003705   Thumb Code     0  drlef.o(x$fpl$drleqf)
    _drcmple                                 0x08003705   Thumb Code   100  drlef.o(x$fpl$drleqf)
    __aeabi_fadd                             0x0800376d   Thumb Code     0  faddsub.o(x$fpl$fadd)
    _fadd                                    0x0800376d   Thumb Code   134  faddsub.o(x$fpl$fadd)
    _fcmpge                                  0x080037f9   Thumb Code    78  fgef.o(x$fpl$fgeqf)
    __aeabi_cfcmple                          0x0800384d   Thumb Code     0  flef.o(x$fpl$fleqf)
    _fcmple                                  0x0800384d   Thumb Code    78  flef.o(x$fpl$fleqf)
    __aeabi_fmul                             0x080038a1   Thumb Code     0  fmul.o(x$fpl$fmul)
    _fmul                                    0x080038a1   Thumb Code   172  fmul.o(x$fpl$fmul)
    __aeabi_fsub                             0x08003951   Thumb Code     0  faddsub.o(x$fpl$fsub)
    _fsub                                    0x08003951   Thumb Code   204  faddsub.o(x$fpl$fsub)
    _printf_fp_dec                           0x08003a21   Thumb Code    16  printf1.o(x$fpl$printf1)
    __I$use$fp                               0x08003a30   Number         0  usenofp.o(x$fpl$usenofp)
    Region$$Table$$Base                      0x08003b6c   Number         0  anon$$obj.o(Region$$Table)
    Region$$Table$$Limit                     0x08003b8c   Number         0  anon$$obj.o(Region$$Table)
    __ctype                                  0x08003bb5   Data           0  lc_ctype_c.o(locale$$data)
    mode                                     0x20000000   Data           1  main.o(.data..L_MergedGlobals)
    desired_setpoint                         0x20000002   Data           2  main.o(.data..L_MergedGlobals)
    SystemCoreClock                          0x20000004   Data           4  main.o(.data..L_MergedGlobals)
    __libspace_start                         0x20000008   Data          96  libspace.o(.bss)
    __temporary_stack_top$libspace           0x20000068   Data           0  libspace.o(.bss)
    adc_initialized                          0x20000068   Data           1  main.o(.bss..L_MergedGlobals.1)
    Presence                                 0x20000069   Data           1  main.o(.bss..L_MergedGlobals.1)
    setpoint_changed                         0x2000006a   Data           1  main.o(.bss..L_MergedGlobals.1)
    uart_rx_index                            0x2000006b   Data           1  main.o(.bss..L_MergedGlobals.1)
    uart_rx_complete                         0x2000006c   Data           1  main.o(.bss..L_MergedGlobals.1)
    Rh_byte1                                 0x2000006d   Data           1  main.o(.bss..L_MergedGlobals.1)
    Rh_byte2                                 0x2000006e   Data           1  main.o(.bss..L_MergedGlobals.1)
    Temp_byte1                               0x2000006f   Data           1  main.o(.bss..L_MergedGlobals.1)
    Temp_byte2                               0x20000070   Data           1  main.o(.bss..L_MergedGlobals.1)
    SUM                                      0x20000072   Data           2  main.o(.bss..L_MergedGlobals.1)
    TEMP                                     0x20000074   Data           2  main.o(.bss..L_MergedGlobals.1)
    RH                                       0x20000076   Data           2  main.o(.bss..L_MergedGlobals.1)
    uwTick                                   0x20000078   Data           4  main.o(.bss..L_MergedGlobals.1)
    adc_filtered                             0x2000007c   Data           4  main.o(.bss..L_MergedGlobals.1)
    Temperature                              0x20000080   Data           4  main.o(.bss..L_MergedGlobals.1)
    Humidity                                 0x20000084   Data           4  main.o(.bss..L_MergedGlobals.1)
    uart_rx_buffer                           0x20000088   Data          10  main.o(.bss..L_MergedGlobals.1)
    light_tanh                               0x20000094   Data          32  main.o(.bss..L_MergedGlobals.1)



==============================================================================

Memory Map of the image

  Image Entry point : 0x080000c1

  Load Region LR_IROM1 (Base: 0x08000000, Size: 0x00003cc0, Max: 0x00030000, ABSOLUTE)

    Execution Region ER_IROM1 (Exec base: 0x08000000, Load base: 0x08000000, Size: 0x00003cb8, Max: 0x00030000, ABSOLUTE)

    Exec Addr    Load Addr    Size         Type   Attr      Idx    E Section Name        Object

    0x08000000   0x08000000   0x000000c0   Data   RO            3    RESET               startup_stm32l073xx.o
    0x080000c0   0x080000c0   0x00000008   Code   RO          127  * !!!main             c_p.l(__main.o)
    0x080000c8   0x080000c8   0x00000054   Code   RO          469    !!!scatter          c_p.l(__scatter.o)
    0x0800011c   0x0800011c   0x0000001a   Code   RO          473    !!handler_copy      c_p.l(__scatter_copy.o)
    0x08000136   0x08000136   0x00000002   PAD
    0x08000138   0x08000138   0x00000002   Code   RO          470    !!handler_null      c_p.l(__scatter.o)
    0x0800013a   0x0800013a   0x00000002   PAD
    0x0800013c   0x0800013c   0x0000001c   Code   RO          475    !!handler_zi        c_p.l(__scatter_zi.o)
    0x08000158   0x08000158   0x00000002   Code   RO          112    .ARM.Collect$$_printf_percent$$00000000  c_p.l(_printf_percent.o)
    0x0800015a   0x0800015a   0x0000000a   Code   RO          111    .ARM.Collect$$_printf_percent$$00000003  c_p.l(_printf_f.o)
    0x08000164   0x08000164   0x0000000a   Code   RO          110    .ARM.Collect$$_printf_percent$$0000000A  c_p.l(_printf_u.o)
    0x0800016e   0x0800016e   0x00000004   Code   RO          200    .ARM.Collect$$_printf_percent$$00000017  c_p.l(_printf_percent_end.o)
    0x08000172   0x08000172   0x00000002   Code   RO          321    .ARM.Collect$$libinit$$00000000  c_p.l(libinit.o)
    0x08000174   0x08000174   0x00000000   Code   RO          323    .ARM.Collect$$libinit$$00000002  c_p.l(libinit2.o)
    0x08000174   0x08000174   0x00000000   Code   RO          325    .ARM.Collect$$libinit$$00000004  c_p.l(libinit2.o)
    0x08000174   0x08000174   0x00000000   Code   RO          327    .ARM.Collect$$libinit$$00000006  c_p.l(libinit2.o)
    0x08000174   0x08000174   0x00000000   Code   RO          330    .ARM.Collect$$libinit$$0000000C  c_p.l(libinit2.o)
    0x08000174   0x08000174   0x00000000   Code   RO          332    .ARM.Collect$$libinit$$0000000E  c_p.l(libinit2.o)
    0x08000174   0x08000174   0x00000000   Code   RO          334    .ARM.Collect$$libinit$$00000010  c_p.l(libinit2.o)
    0x08000174   0x08000174   0x00000006   Code   RO          335    .ARM.Collect$$libinit$$00000011  c_p.l(libinit2.o)
    0x0800017a   0x0800017a   0x00000000   Code   RO          337    .ARM.Collect$$libinit$$00000013  c_p.l(libinit2.o)
    0x0800017a   0x0800017a   0x0000000c   Code   RO          338    .ARM.Collect$$libinit$$00000014  c_p.l(libinit2.o)
    0x08000186   0x08000186   0x00000000   Code   RO          339    .ARM.Collect$$libinit$$00000015  c_p.l(libinit2.o)
    0x08000186   0x08000186   0x00000000   Code   RO          341    .ARM.Collect$$libinit$$00000017  c_p.l(libinit2.o)
    0x08000186   0x08000186   0x0000000a   Code   RO          342    .ARM.Collect$$libinit$$00000018  c_p.l(libinit2.o)
    0x08000190   0x08000190   0x00000000   Code   RO          343    .ARM.Collect$$libinit$$00000019  c_p.l(libinit2.o)
    0x08000190   0x08000190   0x00000000   Code   RO          345    .ARM.Collect$$libinit$$0000001B  c_p.l(libinit2.o)
    0x08000190   0x08000190   0x00000000   Code   RO          347    .ARM.Collect$$libinit$$0000001D  c_p.l(libinit2.o)
    0x08000190   0x08000190   0x00000000   Code   RO          349    .ARM.Collect$$libinit$$0000001F  c_p.l(libinit2.o)
    0x08000190   0x08000190   0x00000000   Code   RO          351    .ARM.Collect$$libinit$$00000021  c_p.l(libinit2.o)
    0x08000190   0x08000190   0x00000000   Code   RO          353    .ARM.Collect$$libinit$$00000023  c_p.l(libinit2.o)
    0x08000190   0x08000190   0x00000000   Code   RO          355    .ARM.Collect$$libinit$$00000025  c_p.l(libinit2.o)
    0x08000190   0x08000190   0x00000000   Code   RO          357    .ARM.Collect$$libinit$$00000027  c_p.l(libinit2.o)
    0x08000190   0x08000190   0x00000000   Code   RO          361    .ARM.Collect$$libinit$$0000002E  c_p.l(libinit2.o)
    0x08000190   0x08000190   0x00000000   Code   RO          363    .ARM.Collect$$libinit$$00000030  c_p.l(libinit2.o)
    0x08000190   0x08000190   0x00000000   Code   RO          365    .ARM.Collect$$libinit$$00000032  c_p.l(libinit2.o)
    0x08000190   0x08000190   0x00000000   Code   RO          367    .ARM.Collect$$libinit$$00000034  c_p.l(libinit2.o)
    0x08000190   0x08000190   0x00000002   Code   RO          368    .ARM.Collect$$libinit$$00000035  c_p.l(libinit2.o)
    0x08000192   0x08000192   0x00000002   Code   RO          434    .ARM.Collect$$libshutdown$$00000000  c_p.l(libshutdown.o)
    0x08000194   0x08000194   0x00000000   Code   RO          452    .ARM.Collect$$libshutdown$$00000002  c_p.l(libshutdown2.o)
    0x08000194   0x08000194   0x00000000   Code   RO          454    .ARM.Collect$$libshutdown$$00000004  c_p.l(libshutdown2.o)
    0x08000194   0x08000194   0x00000000   Code   RO          457    .ARM.Collect$$libshutdown$$00000007  c_p.l(libshutdown2.o)
    0x08000194   0x08000194   0x00000000   Code   RO          460    .ARM.Collect$$libshutdown$$0000000A  c_p.l(libshutdown2.o)
    0x08000194   0x08000194   0x00000000   Code   RO          462    .ARM.Collect$$libshutdown$$0000000C  c_p.l(libshutdown2.o)
    0x08000194   0x08000194   0x00000000   Code   RO          465    .ARM.Collect$$libshutdown$$0000000F  c_p.l(libshutdown2.o)
    0x08000194   0x08000194   0x00000002   Code   RO          466    .ARM.Collect$$libshutdown$$00000010  c_p.l(libshutdown2.o)
    0x08000196   0x08000196   0x00000000   Code   RO          180    .ARM.Collect$$rtentry$$00000000  c_p.l(__rtentry.o)
    0x08000196   0x08000196   0x00000000   Code   RO          241    .ARM.Collect$$rtentry$$00000002  c_p.l(__rtentry2.o)
    0x08000196   0x08000196   0x00000006   Code   RO          253    .ARM.Collect$$rtentry$$00000004  c_p.l(__rtentry4.o)
    0x0800019c   0x0800019c   0x00000000   Code   RO          243    .ARM.Collect$$rtentry$$00000009  c_p.l(__rtentry2.o)
    0x0800019c   0x0800019c   0x00000004   Code   RO          244    .ARM.Collect$$rtentry$$0000000A  c_p.l(__rtentry2.o)
    0x080001a0   0x080001a0   0x00000000   Code   RO          246    .ARM.Collect$$rtentry$$0000000C  c_p.l(__rtentry2.o)
    0x080001a0   0x080001a0   0x00000008   Code   RO          247    .ARM.Collect$$rtentry$$0000000D  c_p.l(__rtentry2.o)
    0x080001a8   0x080001a8   0x00000002   Code   RO          376    .ARM.Collect$$rtexit$$00000000  c_p.l(rtexit.o)
    0x080001aa   0x080001aa   0x00000000   Code   RO          399    .ARM.Collect$$rtexit$$00000002  c_p.l(rtexit2.o)
    0x080001aa   0x080001aa   0x00000004   Code   RO          400    .ARM.Collect$$rtexit$$00000003  c_p.l(rtexit2.o)
    0x080001ae   0x080001ae   0x00000006   Code   RO          401    .ARM.Collect$$rtexit$$00000004  c_p.l(rtexit2.o)
    0x080001b4   0x080001b4   0x00000038   Code   RO            4    .text               startup_stm32l073xx.o
    0x080001ec   0x080001ec   0x00000028   Code   RO           84    .text               c_p.l(noretval__2sprintf.o)
    0x08000214   0x08000214   0x0000006c   Code   RO           88    .text               c_p.l(_printf_dec.o)
    0x08000280   0x08000280   0x0000010e   Code   RO           98    .text               c_p.l(__printf_wp.o)
    0x0800038e   0x0800038e   0x0000001a   Code   RO          113    .text               c_p.l(atoi.o)
    0x080003a8   0x080003a8   0x00000044   Code   RO          115    .text               c_p.l(strlen.o)
    0x080003ec   0x080003ec   0x000001f8   Code   RO          117    .text               c_p.l(aeabi_sdivfast.o)
    0x080005e4   0x080005e4   0x00000006   Code   RO          125    .text               c_p.l(heapauxi.o)
    0x080005ea   0x080005ea   0x00000002   PAD
    0x080005ec   0x080005ec   0x0000007c   Code   RO          129    .text               fz_ps.l(d2f.o)
    0x08000668   0x08000668   0x00000448   Code   RO          131    .text               fz_ps.l(ddiv.o)
    0x08000ab0   0x08000ab0   0x00000058   Code   RO          134    .text               fz_ps.l(dflti.o)
    0x08000b08   0x08000b08   0x00000054   Code   RO          136    .text               fz_ps.l(f2d.o)
    0x08000b5c   0x08000b5c   0x0000004c   Code   RO          168    .text               fz_ps.l(ffixi.o)
    0x08000ba8   0x08000ba8   0x0000005e   Code   RO          170    .text               fz_ps.l(fflti.o)
    0x08000c06   0x08000c06   0x00000002   PAD
    0x08000c08   0x08000c08   0x00000008   Code   RO          188    .text               c_p.l(rt_errno_addr_intlibspace.o)
    0x08000c10   0x08000c10   0x000000b0   Code   RO          190    .text               c_p.l(_printf_intcommon.o)
    0x08000cc0   0x08000cc0   0x00000414   Code   RO          192    .text               c_p.l(_printf_fp_dec.o)
    0x080010d4   0x080010d4   0x00000030   Code   RO          196    .text               c_p.l(_printf_char_common.o)
    0x08001104   0x08001104   0x0000000a   Code   RO          198    .text               c_p.l(_sputc.o)
    0x0800110e   0x0800110e   0x00000002   PAD
    0x08001110   0x08001110   0x00000070   Code   RO          201    .text               c_p.l(strtol.o)
    0x08001180   0x08001180   0x00000028   Code   RO          203    .text               c_p.l(rtudiv10.o)
    0x080011a8   0x080011a8   0x00000358   Code   RO          205    .text               fz_ps.l(daddsub.o)
    0x08001500   0x08001500   0x00000248   Code   RO          207    .text               fz_ps.l(dmul.o)
    0x08001748   0x08001748   0x00000060   Code   RO          209    .text               fz_ps.l(dscalbn.o)
    0x080017a8   0x080017a8   0x00000008   Code   RO          237    .text               c_p.l(libspace.o)
    0x080017b0   0x080017b0   0x00000010   Code   RO          255    .text               c_p.l(rt_ctype_table.o)
    0x080017c0   0x080017c0   0x00000008   Code   RO          262    .text               c_p.l(rt_locale_intlibspace.o)
    0x080017c8   0x080017c8   0x0000007a   Code   RO          264    .text               c_p.l(lludiv10.o)
    0x08001842   0x08001842   0x00000016   Code   RO          266    .text               c_p.l(_rserrno.o)
    0x08001858   0x08001858   0x00000088   Code   RO          268    .text               c_p.l(_printf_fp_infnan.o)
    0x080018e0   0x080018e0   0x000000a6   Code   RO          272    .text               c_p.l(_strtoul.o)
    0x08001986   0x08001986   0x00000002   PAD
    0x08001988   0x08001988   0x000000d8   Code   RO          274    .text               c_p.l(bigflt0.o)
    0x08001a60   0x08001a60   0x00000580   Code   RO          277    .text               c_p.l(btod.o)
    0x08001fe0   0x08001fe0   0x0000006c   Code   RO          286    .text               fz_ps.l(dfixi.o)
    0x0800204c   0x0800204c   0x00000064   Code   RO          292    .text               fz_ps.l(fcmpin.o)
    0x080020b0   0x080020b0   0x0000003e   Code   RO          298    .text               c_p.l(sys_stackheap_outer.o)
    0x080020ee   0x080020ee   0x0000001e   Code   RO          301    .text               c_p.l(_chval.o)
    0x0800210c   0x0800210c   0x00000010   Code   RO          308    .text               c_p.l(exit.o)
    0x0800211c   0x0800211c   0x000000b0   Code   RO          314    .text               c_p.l(strcmpv6m.o)
    0x080021cc   0x080021cc   0x0000002e   Code   RO          369    .text               fz_ps.l(cmpret.o)
    0x080021fa   0x080021fa   0x00000002   PAD
    0x080021fc   0x080021fc   0x000000a0   Code   RO          371    .text               fz_ps.l(dcmpin.o)
    0x0800229c   0x0800229c   0x00000010   Code   RO          373    .text               fz_ps.l(fnan2.o)
    0x080022ac   0x080022ac   0x00000014   Code   RO          388    .text               fz_ps.l(dnan2.o)
    0x080022c0   0x080022c0   0x0000005e   Code   RO          392    .text               fz_ps.l(retnan.o)
    0x0800231e   0x0800231e   0x00000002   PAD
    0x08002320   0x08002320   0x0000000c   Code   RO          394    .text               c_p.l(sys_exit.o)
    0x0800232c   0x0800232c   0x00000002   Code   RO          421    .text               c_p.l(use_no_semi.o)
    0x0800232e   0x0800232e   0x00000000   Code   RO          423    .text               c_p.l(indicate_semi.o)
    0x0800232e   0x0800232e   0x00000002   PAD
    0x08002330   0x08002330   0x000002f4   Code   RO           37    .text.DHT22_Read    main.o
    0x08002624   0x08002624   0x0000000c   Code   RO           13    .text.SysTick_Handler  main.o
    0x08002630   0x08002630   0x00000002   Code   RO           11    .text.SystemInit    main.o
    0x08002632   0x08002632   0x00000002   PAD
    0x08002634   0x08002634   0x0000006c   Code   RO           59    .text.USART1_IRQHandler  main.o
    0x080026a0   0x080026a0   0x0000007c   Code   RO           61    .text.USART2_IRQHandler  main.o
    0x0800271c   0x0800271c   0x0000076c   Code   RO           57    .text.main          main.o
    0x08002e88   0x08002e88   0x000001f6   Code   RO          118    .text_divfast       c_p.l(aeabi_sdivfast.o)
    0x0800307e   0x0800307e   0x00000030   Code   RO          279    i.__ARM_common_ll_muluu  c_p.l(btod.o)
    0x080030ae   0x080030ae   0x00000002   PAD
    0x080030b0   0x080030b0   0x0000002c   Code   RO          235    i.__ARM_fpclassify  m_ps.l(fpclassify.o)
    0x080030dc   0x080030dc   0x000000ac   Code   RO          296    i.__kernel_poly     m_ps.l(poly.o)
    0x08003188   0x08003188   0x0000000a   Code   RO          219    i.__mathlib_dbl_infnan  m_ps.l(dunder.o)
    0x08003192   0x08003192   0x00000002   PAD
    0x08003194   0x08003194   0x00000014   Code   RO          222    i.__mathlib_dbl_overflow  m_ps.l(dunder.o)
    0x080031a8   0x080031a8   0x00000014   Code   RO          224    i.__mathlib_dbl_underflow  m_ps.l(dunder.o)
    0x080031bc   0x080031bc   0x0000036c   Code   RO          232    i.__mathlib_expm1   m_ps.l(expm1_i.o)
    0x08003528   0x08003528   0x00000016   Code   RO          151    i._fgeq             fz_ps.l(fcmp.o)
    0x0800353e   0x0800353e   0x00000016   Code   RO          152    i._fgr              fz_ps.l(fcmp.o)
    0x08003554   0x08003554   0x00000016   Code   RO          154    i._fls              fz_ps.l(fcmp.o)
    0x0800356a   0x0800356a   0x0000000e   Code   RO          100    i._is_digit         c_p.l(__printf_wp.o)
    0x08003578   0x08003578   0x000000d0   Code   RO          177    i.tanh              m_ps.l(tanh.o)
    0x08003648   0x08003648   0x0000002c   Code   RO          284    locale$$code        c_p.l(lc_numeric_c.o)
    0x08003674   0x08003674   0x0000002c   Code   RO          306    locale$$code        c_p.l(lc_ctype_c.o)
    0x080036a0   0x080036a0   0x00000064   Code   RO          288    x$fpl$dleqf         fz_ps.l(dlef.o)
    0x08003704   0x08003704   0x00000068   Code   RO          290    x$fpl$drleqf        fz_ps.l(drlef.o)
    0x0800376c   0x0800376c   0x0000008c   Code   RO          138    x$fpl$fadd          fz_ps.l(faddsub.o)
    0x080037f8   0x080037f8   0x00000054   Code   RO          213    x$fpl$fgeqf         fz_ps.l(fgef.o)
    0x0800384c   0x0800384c   0x00000054   Code   RO          215    x$fpl$fleqf         fz_ps.l(flef.o)
    0x080038a0   0x080038a0   0x000000b0   Code   RO          172    x$fpl$fmul          fz_ps.l(fmul.o)
    0x08003950   0x08003950   0x000000d0   Code   RO          140    x$fpl$fsub          fz_ps.l(faddsub.o)
    0x08003a20   0x08003a20   0x00000010   Code   RO          174    x$fpl$printf1       fz_ps.l(printf1.o)
    0x08003a30   0x08003a30   0x00000000   Code   RO          217    x$fpl$usenofp       fz_ps.l(usenofp.o)
    0x08003a30   0x08003a30   0x00000080   Data   RO          132    .constdata          fz_ps.l(ddiv.o)
    0x08003ab0   0x08003ab0   0x00000028   Data   RO          233    .constdata          m_ps.l(expm1_i.o)
    0x08003ad8   0x08003ad8   0x00000094   Data   RO          275    .constdata          c_p.l(bigflt0.o)
    0x08003b6c   0x08003b6c   0x00000020   Data   RO          468    Region$$Table       anon$$obj.o
    0x08003b8c   0x08003b8c   0x0000001c   Data   RO          283    locale$$data        c_p.l(lc_numeric_c.o)
    0x08003ba8   0x08003ba8   0x00000110   Data   RO          305    locale$$data        c_p.l(lc_ctype_c.o)


    Execution Region RW_IRAM1 (Exec base: 0x20000000, Load base: 0x08003cb8, Size: 0x000006b8, Max: 0x00005000, ABSOLUTE)

    Exec Addr    Load Addr    Size         Type   Attr      Idx    E Section Name        Object

    0x20000000   0x08003cb8   0x00000008   Data   RW           71    .data..L_MergedGlobals  main.o
    0x20000008        -       0x00000060   Zero   RW          238    .bss                c_p.l(libspace.o)
    0x20000068        -       0x0000004c   Zero   RW           72    .bss..L_MergedGlobals.1  main.o
    0x200000b4   0x08003cc0   0x00000004   PAD
    0x200000b8        -       0x00000200   Zero   RW            2    HEAP                startup_stm32l073xx.o
    0x200002b8        -       0x00000400   Zero   RW            1    STACK               startup_stm32l073xx.o


==============================================================================

Image component sizes


      Code (inc. data)   RO Data    RW Data    ZI Data      Debug   Object Name

      2902        168          0          8         76      22606   main.o
        56         26        192          0       1536        640   startup_stm32l073xx.o

    ----------------------------------------------------------------------
      2960        194        224          8       1616      23246   Object Totals
         0          0         32          0          0          0   (incl. Generated)
         2          0          0          0          4          0   (incl. Padding)

    ----------------------------------------------------------------------

      Code (inc. data)   RO Data    RW Data    ZI Data      Debug   Library Member Name

         8          0          0          0          0         68   __main.o
       284          0          0          0          0        136   __printf_wp.o
         0          0          0          0          0          0   __rtentry.o
        12          0          0          0          0          0   __rtentry2.o
         6          0          0          0          0          0   __rtentry4.o
        86         10          0          0          0          0   __scatter.o
        26          0          0          0          0          0   __scatter_copy.o
        28          0          0          0          0          0   __scatter_zi.o
        30          0          0          0          0         60   _chval.o
        48          6          0          0          0         88   _printf_char_common.o
       108         18          0          0          0         76   _printf_dec.o
        10          0          0          0          0          0   _printf_f.o
      1044         12          0          0          0        116   _printf_fp_dec.o
       136         16          0          0          0         76   _printf_fp_infnan.o
       176          0          0          0          0         84   _printf_intcommon.o
         2          0          0          0          0          0   _printf_percent.o
         4          0          0          0          0          0   _printf_percent_end.o
        10          0          0          0          0          0   _printf_u.o
        22          0          0          0          0         92   _rserrno.o
        10          0          0          0          0         60   _sputc.o
       166          0          0          0          0         84   _strtoul.o
      1006          4          0          0          0        184   aeabi_sdivfast.o
        26          0          0          0          0         72   atoi.o
       216          6        148          0          0         80   bigflt0.o
      1456         30          0          0          0        336   btod.o
        16          0          0          0          0         68   exit.o
         6          0          0          0          0        136   heapauxi.o
         0          0          0          0          0          0   indicate_semi.o
        44         10        272          0          0         76   lc_ctype_c.o
        44         10         28          0          0         76   lc_numeric_c.o
         2          0          0          0          0          0   libinit.o
        30          0          0          0          0          0   libinit2.o
         2          0          0          0          0          0   libshutdown.o
         2          0          0          0          0          0   libshutdown2.o
         8          4          0          0         96         68   libspace.o
       122          0          0          0          0         72   lludiv10.o
        40          4          0          0          0         84   noretval__2sprintf.o
        16          4          0          0          0         76   rt_ctype_table.o
         8          4          0          0          0         68   rt_errno_addr_intlibspace.o
         8          4          0          0          0         68   rt_locale_intlibspace.o
         2          0          0          0          0          0   rtexit.o
        10          0          0          0          0          0   rtexit2.o
        40          0          0          0          0         60   rtudiv10.o
       176          4          0          0          0         80   strcmpv6m.o
        68          6          0          0          0         72   strlen.o
       112          4          0          0          0         76   strtol.o
        12          4          0          0          0         60   sys_exit.o
        62          0          0          0          0         80   sys_stackheap_outer.o
         2          0          0          0          0         68   use_no_semi.o
        46          0          0          0          0         60   cmpret.o
       124          4          0          0          0         72   d2f.o
       856         20          0          0          0        208   daddsub.o
       160          6          0          0          0         76   dcmpin.o
      1096         26        128          0          0        112   ddiv.o
       108         10          0          0          0         72   dfixi.o
        88          0          0          0          0         92   dflti.o
       100          4          0          0          0         92   dlef.o
       584         26          0          0          0         84   dmul.o
        20          6          0          0          0         68   dnan2.o
       104          4          0          0          0        104   drlef.o
        96         12          0          0          0         72   dscalbn.o
        84          4          0          0          0         60   f2d.o
       348          8          0          0          0        160   faddsub.o
        66          0          0          0          0        204   fcmp.o
       100          4          0          0          0         68   fcmpin.o
        76          0          0          0          0         68   ffixi.o
        94          0          0          0          0         92   fflti.o
        84          4          0          0          0         76   fgef.o
        84          4          0          0          0         76   flef.o
       176          4          0          0          0         80   fmul.o
        16          6          0          0          0         68   fnan2.o
        16          4          0          0          0         76   printf1.o
        94          0          0          0          0         68   retnan.o
         0          0          0          0          0          0   usenofp.o
        50         10          0          0          0        204   dunder.o
       876        102         40          0          0        136   expm1_i.o
        44          4          0          0          0         60   fpclassify.o
       172          0          0          0          0         76   poly.o
       208         12          0          0          0         76   tanh.o

    ----------------------------------------------------------------------
     11744        444        616          0         96       5660   Library Totals
        22          0          0          0          0          0   (incl. Padding)

    ----------------------------------------------------------------------

      Code (inc. data)   RO Data    RW Data    ZI Data      Debug   Library Name

      5752        160        448          0         96       2900   c_p.l
      4620        156        128          0          0       2208   fz_ps.l
      1350        128         40          0          0        552   m_ps.l

    ----------------------------------------------------------------------
     11744        444        616          0         96       5660   Library Totals

    ----------------------------------------------------------------------

==============================================================================


      Code (inc. data)   RO Data    RW Data    ZI Data      Debug   

     14704        638        840          8       1712      26026   Grand Totals
     14704        638        840          8       1712      26026   ELF Image Totals
     14704        638        840          8          0          0   ROM Totals

==============================================================================

    Total RO  Size (Code + RO Data)                15544 (  15.18kB)
    Total RW  Size (RW Data + ZI Data)              1720 (   1.68kB)
    Total ROM Size (Code + RO Data + RW Data)      15552 (  15.19kB)

==============================================================================

